Archive member included because of file (symbol)

/opt/Freescale/KDS_v3/toolchain/bin/../lib/gcc/arm-none-eabi/4.8.4/armv6-m/libgcc.a(_udivsi3.o)
                              ./Sources/dev/print.o (__aeabi_uidiv)
/opt/Freescale/KDS_v3/toolchain/bin/../lib/gcc/arm-none-eabi/4.8.4/armv6-m/libgcc.a(_dvmd_tls.o)
                              /opt/Freescale/KDS_v3/toolchain/bin/../lib/gcc/arm-none-eabi/4.8.4/armv6-m/libgcc.a(_udivsi3.o) (__aeabi_idiv0)
/opt/Freescale/KDS_v3/toolchain/bin/../lib/gcc/arm-none-eabi/4.8.4/armv6-m/libgcc.a(_arm_cmpsf2.o)
                              ./Sources/tasks/decoder.o (__aeabi_fcmplt)
/opt/Freescale/KDS_v3/toolchain/bin/../lib/gcc/arm-none-eabi/4.8.4/armv6-m/libgcc.a(_fixunssfsi.o)
                              ./Sources/tasks/decoder.o (__aeabi_f2uiz)
/opt/Freescale/KDS_v3/toolchain/bin/../lib/gcc/arm-none-eabi/4.8.4/armv6-m/libgcc.a(addsf3.o)
                              ./Sources/tasks/decoder.o (__aeabi_fadd)
/opt/Freescale/KDS_v3/toolchain/bin/../lib/gcc/arm-none-eabi/4.8.4/armv6-m/libgcc.a(divsf3.o)
                              ./Sources/tasks/decoder.o (__aeabi_fdiv)
/opt/Freescale/KDS_v3/toolchain/bin/../lib/gcc/arm-none-eabi/4.8.4/armv6-m/libgcc.a(eqsf2.o)
                              /opt/Freescale/KDS_v3/toolchain/bin/../lib/gcc/arm-none-eabi/4.8.4/armv6-m/libgcc.a(_arm_cmpsf2.o) (__eqsf2)
/opt/Freescale/KDS_v3/toolchain/bin/../lib/gcc/arm-none-eabi/4.8.4/armv6-m/libgcc.a(gesf2.o)
                              /opt/Freescale/KDS_v3/toolchain/bin/../lib/gcc/arm-none-eabi/4.8.4/armv6-m/libgcc.a(_arm_cmpsf2.o) (__gesf2)
/opt/Freescale/KDS_v3/toolchain/bin/../lib/gcc/arm-none-eabi/4.8.4/armv6-m/libgcc.a(lesf2.o)
                              /opt/Freescale/KDS_v3/toolchain/bin/../lib/gcc/arm-none-eabi/4.8.4/armv6-m/libgcc.a(_arm_cmpsf2.o) (__lesf2)
/opt/Freescale/KDS_v3/toolchain/bin/../lib/gcc/arm-none-eabi/4.8.4/armv6-m/libgcc.a(mulsf3.o)
                              ./Sources/tasks/decoder.o (__aeabi_fmul)
/opt/Freescale/KDS_v3/toolchain/bin/../lib/gcc/arm-none-eabi/4.8.4/armv6-m/libgcc.a(subsf3.o)
                              /opt/Freescale/KDS_v3/toolchain/bin/../lib/gcc/arm-none-eabi/4.8.4/armv6-m/libgcc.a(_fixunssfsi.o) (__aeabi_fsub)
/opt/Freescale/KDS_v3/toolchain/bin/../lib/gcc/arm-none-eabi/4.8.4/armv6-m/libgcc.a(fixsfsi.o)
                              /opt/Freescale/KDS_v3/toolchain/bin/../lib/gcc/arm-none-eabi/4.8.4/armv6-m/libgcc.a(_fixunssfsi.o) (__aeabi_f2iz)
/opt/Freescale/KDS_v3/toolchain/bin/../lib/gcc/arm-none-eabi/4.8.4/armv6-m/libgcc.a(floatsisf.o)
                              ./Sources/tasks/decoder.o (__aeabi_i2f)
/opt/Freescale/KDS_v3/toolchain/bin/../lib/gcc/arm-none-eabi/4.8.4/armv6-m/libgcc.a(floatunsisf.o)
                              ./Sources/tasks/decoder.o (__aeabi_ui2f)
/opt/Freescale/KDS_v3/toolchain/bin/../lib/gcc/arm-none-eabi/4.8.4/armv6-m/libgcc.a(extendsfdf2.o)
                              ./Sources/tasks/decoder.o (__aeabi_f2d)
/opt/Freescale/KDS_v3/toolchain/bin/../lib/gcc/arm-none-eabi/4.8.4/armv6-m/libgcc.a(_clzsi2.o)
                              /opt/Freescale/KDS_v3/toolchain/bin/../lib/gcc/arm-none-eabi/4.8.4/armv6-m/libgcc.a(addsf3.o) (__clzsi2)
/opt/Freescale/KDS_v3/toolchain/bin/../lib/gcc/arm-none-eabi/4.8.4/../../../../arm-none-eabi/lib/armv6-m/libg_s.a(lib_a-ctype_.o)
                              ./Sources/tasks/cmd.o (__ctype_ptr__)
/opt/Freescale/KDS_v3/toolchain/bin/../lib/gcc/arm-none-eabi/4.8.4/../../../../arm-none-eabi/lib/armv6-m/libg_s.a(lib_a-exit.o)
                              /opt/Freescale/KDS_v3/toolchain/bin/../lib/gcc/arm-none-eabi/4.8.4/../../../../arm-none-eabi/lib/armv6-m/crt0.o (exit)
/opt/Freescale/KDS_v3/toolchain/bin/../lib/gcc/arm-none-eabi/4.8.4/../../../../arm-none-eabi/lib/armv6-m/libg_s.a(lib_a-impure.o)
                              /opt/Freescale/KDS_v3/toolchain/bin/../lib/gcc/arm-none-eabi/4.8.4/../../../../arm-none-eabi/lib/armv6-m/libg_s.a(lib_a-exit.o) (_global_impure_ptr)
/opt/Freescale/KDS_v3/toolchain/bin/../lib/gcc/arm-none-eabi/4.8.4/../../../../arm-none-eabi/lib/armv6-m/libg_s.a(lib_a-init.o)
                              /opt/Freescale/KDS_v3/toolchain/bin/../lib/gcc/arm-none-eabi/4.8.4/../../../../arm-none-eabi/lib/armv6-m/crt0.o (__libc_init_array)
/opt/Freescale/KDS_v3/toolchain/bin/../lib/gcc/arm-none-eabi/4.8.4/../../../../arm-none-eabi/lib/armv6-m/libg_s.a(lib_a-memcpy-stub.o)
                              ./Static_Code/System/CPU_Init.o (memcpy)
/opt/Freescale/KDS_v3/toolchain/bin/../lib/gcc/arm-none-eabi/4.8.4/../../../../arm-none-eabi/lib/armv6-m/libg_s.a(lib_a-memset.o)
                              /opt/Freescale/KDS_v3/toolchain/bin/../lib/gcc/arm-none-eabi/4.8.4/../../../../arm-none-eabi/lib/armv6-m/crt0.o (memset)
/opt/Freescale/KDS_v3/toolchain/bin/../lib/gcc/arm-none-eabi/4.8.4/../../../../arm-none-eabi/lib/armv6-m/libg_s.a(lib_a-printf.o)
                              ./MQXLITE/psp/cortex_m/psp_tipr.o (printf)
[...]
Memory Configuration

Name             Origin             Length             Attributes
m_interrupts     0x00000000         0x000000c0         xr
m_text           0x00000410         0x0001fbf0         xr
m_data           0x1ffff000         0x00004000         rw
m_cfmprotrom     0x00000400         0x00000010         xr
*default*        0x00000000         0xffffffff

Linker script and memory map

LOAD /opt/Freescale/KDS_v3/toolchain/bin/../lib/gcc/arm-none-eabi/4.8.4/armv6-m/crti.o
LOAD /opt/Freescale/KDS_v3/toolchain/bin/../lib/gcc/arm-none-eabi/4.8.4/armv6-m/crtbegin.o
LOAD /opt/Freescale/KDS_v3/toolchain/bin/../lib/gcc/arm-none-eabi/4.8.4/../../../../arm-none-eabi/lib/armv6-m/crt0.o
LOAD ./Static_Code/System/CPU_Init.o
LOAD ./Static_Code/System/Peripherals_Init.o
LOAD ./Static_Code/System/Vectors.o
LOAD ./Sources/tasks/cmd.o
LOAD ./Sources/tasks/decoder.o
LOAD ./Sources/tasks/led_run.o
LOAD ./Sources/tasks/spi_output.o
LOAD ./Sources/tasks/uart.o
LOAD ./Sources/dev/print.o
LOAD ./Sources/Events.o
LOAD ./Sources/main.o
LOAD ./Sources/mqx_tasks.o
LOAD ./Project_Settings/Startup_Code/startup.o
LOAD ./MQXLITE/psp/cortex_m/core/M0/boot.o
LOAD ./MQXLITE/psp/cortex_m/core/M0/dispatch.o
LOAD ./MQXLITE/psp/cortex_m/cortex.o
LOAD ./MQXLITE/psp/cortex_m/int_gkis.o
LOAD ./MQXLITE/psp/cortex_m/int_inst.o
LOAD ./MQXLITE/psp/cortex_m/int_kisr.o
LOAD ./MQXLITE/psp/cortex_m/int_pvta.o
LOAD ./MQXLITE/psp/cortex_m/int_unx.o
LOAD ./MQXLITE/psp/cortex_m/int_vtab.o
LOAD ./MQXLITE/psp/cortex_m/int_xcpt.o
LOAD ./MQXLITE/psp/cortex_m/mem_zero.o
LOAD ./MQXLITE/psp/cortex_m/psp_iinit.o
LOAD ./MQXLITE/psp/cortex_m/psp_supp.o
LOAD ./MQXLITE/psp/cortex_m/psp_tiad.o
LOAD ./MQXLITE/psp/cortex_m/psp_tinm.o
LOAD ./MQXLITE/psp/cortex_m/psp_tipr.o
LOAD ./MQXLITE/psp/cortex_m/psp_tisu.o
LOAD ./MQXLITE/psp/cortex_m/sc_irdyq.o
LOAD ./MQXLITE/psp/cortex_m/stack_bu.o
LOAD ./MQXLITE/psp/cortex_m/stack_de.o
LOAD ./MQXLITE/psp/cortex_m/stack_st.o
LOAD ./MQXLITE/kernel/idletask.o
LOAD ./MQXLITE/kernel/int.o
LOAD ./MQXLITE/kernel/klog.o
LOAD ./MQXLITE/kernel/lwevent.o
LOAD ./MQXLITE/kernel/lwlog.o
LOAD ./MQXLITE/kernel/lwmem.o
LOAD ./MQXLITE/kernel/lwmsgq.o
LOAD ./MQXLITE/kernel/lwsem.o
LOAD ./MQXLITE/kernel/lwtimer.o
LOAD ./MQXLITE/kernel/mqx_utils.o
LOAD ./MQXLITE/kernel/mqxlite.o
LOAD ./MQXLITE/kernel/mutex.o
LOAD ./MQXLITE/kernel/qu_test.o
LOAD ./MQXLITE/kernel/sched.o
LOAD ./MQXLITE/kernel/task.o
LOAD ./MQXLITE/kernel/time_ticks.o
LOAD ./MQXLITE/config/task_template_list.o
LOAD ./Generated_Code/ASerialLdd1.o
LOAD ./Generated_Code/ASerialLdd2.o
LOAD ./Generated_Code/BLUE.o
LOAD ./Generated_Code/BitIoLdd1.o
LOAD ./Generated_Code/BitIoLdd2.o
LOAD ./Generated_Code/BitIoLdd3.o
LOAD ./Generated_Code/BitIoLdd4.o
LOAD ./Generated_Code/BitIoLdd5.o
LOAD ./Generated_Code/CRC1.o
LOAD ./Generated_Code/Cpu.o
LOAD ./Generated_Code/IntFlashLdd1.o
LOAD ./Generated_Code/LED.o
LOAD ./Generated_Code/MQX1.o
LOAD ./Generated_Code/PE_LDD.o
LOAD ./Generated_Code/SM1.o
LOAD ./Generated_Code/SystemTimer1.o
LOAD ./Generated_Code/UART_DEBUG.o
LOAD ./Generated_Code/blue_at.o
LOAD ./Generated_Code/blue_delay.o
LOAD ./Generated_Code/blue_pwrc.o
LOAD ./Generated_Code/flash.o
LOAD ./Generated_Code/led_output.o
LOAD /opt/Freescale/KDS_v3/toolchain/bin/../lib/gcc/arm-none-eabi/4.8.4/../../../../arm-none-eabi/lib/armv6-m/libstdc++_s.a
LOAD /opt/Freescale/KDS_v3/toolchain/bin/../lib/gcc/arm-none-eabi/4.8.4/../../../../arm-none-eabi/lib/armv6-m/libm.a
START GROUP
LOAD /opt/Freescale/KDS_v3/toolchain/bin/../lib/gcc/arm-none-eabi/4.8.4/armv6-m/libgcc.a
LOAD /opt/Freescale/KDS_v3/toolchain/bin/../lib/gcc/arm-none-eabi/4.8.4/../../../../arm-none-eabi/lib/armv6-m/libg_s.a
LOAD /opt/Freescale/KDS_v3/toolchain/bin/../lib/gcc/arm-none-eabi/4.8.4/../../../../arm-none-eabi/lib/armv6-m/libc_s.a
END GROUP
START GROUP
LOAD /opt/Freescale/KDS_v3/toolchain/bin/../lib/gcc/arm-none-eabi/4.8.4/armv6-m/libgcc.a
LOAD /opt/Freescale/KDS_v3/toolchain/bin/../lib/gcc/arm-none-eabi/4.8.4/../../../../arm-none-eabi/lib/armv6-m/libc_s.a
LOAD /opt/Freescale/KDS_v3/toolchain/bin/../lib/gcc/arm-none-eabi/4.8.4/../../../../arm-none-eabi/lib/armv6-m/libnosys.a
END GROUP
START GROUP
LOAD /opt/Freescale/KDS_v3/toolchain/bin/../lib/gcc/arm-none-eabi/4.8.4/armv6-m/libgcc.a
LOAD /opt/Freescale/KDS_v3/toolchain/bin/../lib/gcc/arm-none-eabi/4.8.4/../../../../arm-none-eabi/lib/armv6-m/libc_s.a
LOAD /opt/Freescale/KDS_v3/toolchain/bin/../lib/gcc/arm-none-eabi/4.8.4/../../../../arm-none-eabi/lib/armv6-m/libnosys.a
END GROUP
LOAD /opt/Freescale/KDS_v3/toolchain/bin/../lib/gcc/arm-none-eabi/4.8.4/armv6-m/crtend.o
LOAD /opt/Freescale/KDS_v3/toolchain/bin/../lib/gcc/arm-none-eabi/4.8.4/armv6-m/crtn.o
                0x20003000                _estack = 0x20003000
                0x20003000                __SP_INIT = _estack
                0x20003000                __stack = _estack
                0x00000000                __heap_size = 0x0
                0x00000400                __stack_size = 0x400

.interrupts     0x00000000       0xc0
                0x00000000                __vector_table = .
                0x00000000                . = ALIGN (0x4)
 *(.vectortable)
 .vectortable   0x00000000       0xc0 ./Static_Code/System/Vectors.o
                0x00000000                __vect_table
                0x000000c0                . = ALIGN (0x4)

.cfmprotect     0x00000400       0x10
                0x00000400                . = ALIGN (0x4)
 *(.cfmconfig)
 .cfmconfig     0x00000400       0x10 ./Static_Code/System/CPU_Init.o
                0x00000400                _cfm
                0x00000410                . = ALIGN (0x4)

.text           0x00000410     0x6cc8
                0x00000410                . = ALIGN (0x4)
 *(.text)
 .text          0x00000410       0x60 /opt/Freescale/KDS_v3/toolchain/bin/../lib/gcc/arm-none-eabi/4.8.4/armv6-m/crtbegin.o
 .text          0x00000470       0x78 /opt/Freescale/KDS_v3/toolchain/bin/../lib/gcc/arm-none-eabi/4.8.4/../../../../arm-none-eabi/lib/armv6-m/crt0.o
                0x00000470                _mainCRTStartup
                0x00000470                _start
 .text          0x000004e8       0x34 ./MQXLITE/psp/cortex_m/core/M0/boot.o
                0x000004e8                __boot
 .text          0x0000051c       0x9c /opt/Freescale/KDS_v3/toolchain/bin/../lib/gcc/arm-none-eabi/4.8.4/armv6-m/libgcc.a(_udivsi3.o)
                0x0000051c                __udivsi3
                0x0000051c                __aeabi_uidiv
                0x000005a4                __aeabi_uidivmod
 .text          0x000005b8        0x4 /opt/Freescale/KDS_v3/toolchain/bin/../lib/gcc/arm-none-eabi/4.8.4/armv6-m/libgcc.a(_dvmd_tls.o)
                0x000005b8                __aeabi_ldiv0
                0x000005b8                __aeabi_idiv0
 .text          0x000005bc       0x74 /opt/Freescale/KDS_v3/toolchain/bin/../lib/gcc/arm-none-eabi/4.8.4/armv6-m/libgcc.a(_arm_cmpsf2.o)
                0x000005bc                __aeabi_cfrcmple
                0x000005c4                __aeabi_cfcmple
                0x000005c4                __aeabi_cfcmpeq
                0x000005d4                __aeabi_fcmpeq
                0x000005e0                __aeabi_fcmplt
                0x000005f4                __aeabi_fcmple
                0x00000608                __aeabi_fcmpgt
                0x0000061c                __aeabi_fcmpge
 .text          0x00000630       0x30 /opt/Freescale/KDS_v3/toolchain/bin/../lib/gcc/arm-none-eabi/4.8.4/armv6-m/libgcc.a(_fixunssfsi.o)
                0x00000630                __aeabi_f2uiz
                0x00000630                __fixunssfsi
 .text          0x00000660      0x24c /opt/Freescale/KDS_v3/toolchain/bin/../lib/gcc/arm-none-eabi/4.8.4/armv6-m/libgcc.a(divsf3.o)
                0x00000660                __aeabi_fdiv
 .text          0x000008ac       0x54 /opt/Freescale/KDS_v3/toolchain/bin/../lib/gcc/arm-none-eabi/4.8.4/armv6-m/libgcc.a(eqsf2.o)
                0x000008ac                __nesf2
                0x000008ac                __eqsf2
 .text          0x00000900       0x90 /opt/Freescale/KDS_v3/toolchain/bin/../lib/gcc/arm-none-eabi/4.8.4/armv6-m/libgcc.a(gesf2.o)
                0x00000900                __gtsf2
                0x00000900                __gesf2
 .text          0x00000990       0x98 /opt/Freescale/KDS_v3/toolchain/bin/../lib/gcc/arm-none-eabi/4.8.4/armv6-m/libgcc.a(lesf2.o)
                0x00000990                __lesf2
                0x00000990                __ltsf2
 .text          0x00000a28      0x254 /opt/Freescale/KDS_v3/toolchain/bin/../lib/gcc/arm-none-eabi/4.8.4/armv6-m/libgcc.a(mulsf3.o)
                0x00000a28                __aeabi_fmul
 .text          0x00000c7c      0x2ec /opt/Freescale/KDS_v3/toolchain/bin/../lib/gcc/arm-none-eabi/4.8.4/armv6-m/libgcc.a(subsf3.o)
                0x00000c7c                __aeabi_fsub
 .text          0x00000f68       0x40 /opt/Freescale/KDS_v3/toolchain/bin/../lib/gcc/arm-none-eabi/4.8.4/armv6-m/libgcc.a(fixsfsi.o)
                0x00000f68                __aeabi_f2iz
 .text          0x00000fa8       0xa0 /opt/Freescale/KDS_v3/toolchain/bin/../lib/gcc/arm-none-eabi/4.8.4/armv6-m/libgcc.a(floatunsisf.o)
                0x00000fa8                __aeabi_ui2f
 .text          0x00001048       0x3c /opt/Freescale/KDS_v3/toolchain/bin/../lib/gcc/arm-none-eabi/4.8.4/armv6-m/libgcc.a(_clzsi2.o)
                0x00001048                __clzsi2
 .text          0x00001084       0x14 /opt/Freescale/KDS_v3/toolchain/bin/../lib/gcc/arm-none-eabi/4.8.4/../../../../arm-none-eabi/lib/armv6-m/libg_s.a(lib_a-strcmp.o)
                0x00001084                strcmp
 *(.text*)
 .text.__init_hardware
                0x00001098       0x4c ./Static_Code/System/CPU_Init.o
                0x00001098                __init_hardware
 .text.PE_low_level_init
                0x000010e4       0x58 ./Static_Code/System/CPU_Init.o
                0x000010e4                PE_low_level_init
 .text.CPU_GetClockGenMode
                0x0000113c       0x6c ./Static_Code/System/CPU_Init.o
                0x0000113c                CPU_GetClockGenMode
 .text.CPU_SetClockConfigGenMode
                0x000011a8      0x280 ./Static_Code/System/CPU_Init.o
                0x000011a8                CPU_SetClockConfigGenMode
 .text.CPU_SystemReset
                0x00001428       0x28 ./Static_Code/System/CPU_Init.o
                0x00001428                CPU_SystemReset
 .text.UnhandledInterrupt
                0x00001450        0xc ./Static_Code/System/Vectors.o
                0x00001450                UnhandledInterrupt
 .text.fill_rec_buf
                0x0000145c       0xd0 ./Sources/tasks/cmd.o
                0x0000145c                fill_rec_buf
 .text.string_to_dec
                0x0000152c      0x138 ./Sources/tasks/cmd.o
 .text.get_true_char_stream
                0x00001664      0x164 ./Sources/tasks/cmd.o
 .text.cmd_arg_analyze
                0x000017c8      0x12c ./Sources/tasks/cmd.o
 .text.SystemReset
                0x000018f4        0xc ./Sources/tasks/cmd.o
                0x000018f4                SystemReset
 .text.rgb_e    0x00001900       0x30 ./Sources/tasks/cmd.o
                0x00001900                rgb_e
 .text.rgb_w    0x00001930       0x58 ./Sources/tasks/cmd.o
                0x00001930                rgb_w
 .text.rgb_r    0x00001988       0x4c ./Sources/tasks/cmd.o
                0x00001988                rgb_r
 .text.rgb_s    0x000019d4       0x5c ./Sources/tasks/cmd.o
                0x000019d4                rgb_s
 .text.AT_CMD   0x00001a30       0x48 ./Sources/tasks/cmd.o
                0x00001a30                AT_CMD
 .text.printf_cmd
                0x00001a78       0x80 ./Sources/tasks/cmd.o
                0x00001a78                printf_cmd
 .text.vTaskCmdAnalyze
                0x00001af8      0x130 ./Sources/tasks/cmd.o
                0x00001af8                vTaskCmdAnalyze
 .text.data_decode
                0x00001c28      0x1d8 ./Sources/tasks/decoder.o
                0x00001c28                data_decode
 .text.led_get  0x00001e00       0xf0 ./Sources/tasks/led_run.o
                0x00001e00                led_get
 .text.led_run  0x00001ef0      0x200 ./Sources/tasks/led_run.o
                0x00001ef0                led_run
 .text.SetBit   0x000020f0       0x70 ./Sources/tasks/spi_output.o
                0x000020f0                SetBit
 .text.AddPixel
                0x00002160       0x30 ./Sources/tasks/spi_output.o
                0x00002160                AddPixel
 .text.push_led_data
                0x00002190       0xa0 ./Sources/tasks/spi_output.o
                0x00002190                push_led_data
 .text.char_in  0x00002230      0x198 ./Sources/tasks/spi_output.o
                0x00002230                char_in
 .text.char_out
                0x000023c8      0x180 ./Sources/tasks/spi_output.o
                0x000023c8                char_out
 .text.blu_decode
                0x00002548       0x60 ./Sources/tasks/uart.o
                0x00002548                blu_decode
 .text.UARTwrite
                0x000025a8       0x38 ./Sources/dev/print.o
                0x000025a8                UARTwrite
 .text.UARTprintf
                0x000025e0      0x2b8 ./Sources/dev/print.o
                0x000025e0                UARTprintf
 .text.printArray
                0x00002898       0x6c ./Sources/dev/print.o
                0x00002898                printArray
 .text.flash_OnWriteEnd
                0x00002904        0x8 ./Sources/Events.o
                0x00002904                flash_OnWriteEnd
 .text.SM1_OnBlockSent
                0x0000290c       0x10 ./Sources/Events.o
                0x0000290c                SM1_OnBlockSent
 .text.SM1_OnBlockReceived
                0x0000291c       0x10 ./Sources/Events.o
                0x0000291c                SM1_OnBlockReceived
 .text.BLUE_OnRxChar
                0x0000292c       0x20 ./Sources/Events.o
                0x0000292c                BLUE_OnRxChar
 .text.BLUE_OnFullRxBuf
                0x0000294c        0x8 ./Sources/Events.o
                0x0000294c                BLUE_OnFullRxBuf
 .text.UART_DEBUG_OnRxChar
                0x00002954       0x20 ./Sources/Events.o
                0x00002954                UART_DEBUG_OnRxChar
 .text.main     0x00002974       0x10 ./Sources/main.o
                0x00002974                main
 .text.task_hb  0x00002984       0x2c ./Sources/mqx_tasks.o
                0x00002984                task_hb
 .text.task_spi
                0x000029b0      0x168 ./Sources/mqx_tasks.o
                0x000029b0                task_spi
 .text.com_task
                0x00002b18       0x14 ./Sources/mqx_tasks.o
                0x00002b18                com_task
 .text.__copy_rom_section
                0x00002b2c       0xd8 ./Project_Settings/Startup_Code/startup.o
                0x00002b2c                __copy_rom_section
 .text.__copy_rom_sections_to_ram
                0x00002c04       0x98 ./Project_Settings/Startup_Code/startup.o
                0x00002c04                __copy_rom_sections_to_ram
 .text.__init_registers
                0x00002c9c        0x8 ./Project_Settings/Startup_Code/startup.o
                0x00002c9c                __init_registers
 .text.__init_user
                0x00002ca4        0x8 ./Project_Settings/Startup_Code/startup.o
                0x00002ca4                __init_user
 .text.__thumb_startup
                0x00002cac       0x30 ./Project_Settings/Startup_Code/startup.o
                0x00002cac                __thumb_startup
 .text._psp_int_install
                0x00002cdc       0x20 ./MQXLITE/psp/cortex_m/int_inst.o
                0x00002cdc                _psp_int_install
 .text._int_set_vector_table
                0x00002cfc       0x2c ./MQXLITE/psp/cortex_m/int_vtab.o
                0x00002cfc                _int_set_vector_table
 .text._mem_zero
                0x00002d28      0x188 ./MQXLITE/psp/cortex_m/mem_zero.o
                0x00002d28                _mem_zero
 .text._psp_int_init
                0x00002eb0       0x30 ./MQXLITE/psp/cortex_m/psp_iinit.o
                0x00002eb0                _psp_int_init
 .text._psp_normalize_ticks
                0x00002ee0       0x6c ./MQXLITE/psp/cortex_m/psp_tinm.o
                0x00002ee0                _psp_normalize_ticks
 .text._psp_set_kernel_disable_level
                0x00002f4c       0xa4 ./MQXLITE/psp/cortex_m/sc_irdyq.o
                0x00002f4c                _psp_set_kernel_disable_level
 .text._psp_init_readyqs
                0x00002ff0       0xac ./MQXLITE/psp/cortex_m/sc_irdyq.o
                0x00002ff0                _psp_init_readyqs
 .text._psp_build_stack_frame
                0x0000309c       0x80 ./MQXLITE/psp/cortex_m/stack_bu.o
                0x0000309c                _psp_build_stack_frame
 .text._psp_destroy_stack_frame
                0x0000311c       0x10 ./MQXLITE/psp/cortex_m/stack_de.o
                0x0000311c                _psp_destroy_stack_frame
 .text._mqx_idle_task
                0x0000312c       0x14 ./MQXLITE/kernel/idletask.o
                0x0000312c                _mqx_idle_task
 .text._int_default_isr
                0x00003140       0x5c ./MQXLITE/kernel/int.o
                0x00003140                _int_default_isr
 .text._int_disable
                0x0000319c       0x2c ./MQXLITE/kernel/int.o
                0x0000319c                _int_disable
 .text._int_enable
                0x000031c8       0x40 ./MQXLITE/kernel/int.o
                0x000031c8                _int_enable
 .text._int_get_isr_data
                0x00003208       0x68 ./MQXLITE/kernel/int.o
                0x00003208                _int_get_isr_data
 .text._int_install_isr
                0x00003270       0x84 ./MQXLITE/kernel/int.o
                0x00003270                _int_install_isr
 .text._int_init
                0x000032f4       0x88 ./MQXLITE/kernel/int.o
                0x000032f4                _int_init
 .text._lwsem_create_internal
                0x0000337c       0xc8 ./MQXLITE/kernel/lwsem.o
                0x0000337c                _lwsem_create_internal
 .text._lwsem_create
                0x00003444       0x24 ./MQXLITE/kernel/lwsem.o
                0x00003444                _lwsem_create
 .text._lwsem_post
                0x00003468      0x154 ./MQXLITE/kernel/lwsem.o
                0x00003468                _lwsem_post
 .text._lwsem_wait
                0x000035bc      0x114 ./MQXLITE/kernel/lwsem.o
                0x000035bc                _lwsem_wait
 .text._mqx_set_cpu_type
                0x000036d0       0x20 ./MQXLITE/kernel/mqx_utils.o
                0x000036d0                _mqx_set_cpu_type
 .text._mqx_init_kernel_data_internal
                0x000036f0      0x19c ./MQXLITE/kernel/mqx_utils.o
                0x000036f0                _mqx_init_kernel_data_internal
 .text._mqxlite_init
                0x0000388c      0x118 ./MQXLITE/kernel/mqxlite.o
                0x0000388c                _mqxlite_init
 .text._mqxlite
                0x000039a4       0xcc ./MQXLITE/kernel/mqxlite.o
                0x000039a4                _mqxlite
 .text._mqx_exit
                0x00003a70       0x18 ./MQXLITE/kernel/mqxlite.o
                0x00003a70                _mqx_exit
 .text._task_destroy_internal
                0x00003a88      0x280 ./MQXLITE/kernel/task.o
                0x00003a88                _task_destroy_internal
 .text._task_destroy
                0x00003d08       0x1c ./MQXLITE/kernel/task.o
                0x00003d08                _task_destroy
 .text._task_get_td
                0x00003d24       0xb0 ./MQXLITE/kernel/task.o
                0x00003d24                _task_get_td
 .text._task_set_error
                0x00003dd4       0x48 ./MQXLITE/kernel/task.o
                0x00003dd4                _task_set_error
 .text._task_exit_function_internal
                0x00003e1c       0x24 ./MQXLITE/kernel/task.o
                0x00003e1c                _task_exit_function_internal
 .text._task_init_internal
                0x00003e40      0x1a8 ./MQXLITE/kernel/task.o
                0x00003e40                _task_init_internal
 .text._task_fill_stack_internal
                0x00003fe8       0x34 ./MQXLITE/kernel/task.o
                0x00003fe8                _task_fill_stack_internal
 .text._task_ready_internal
                0x0000401c       0x44 ./MQXLITE/kernel/task.o
                0x0000401c                _task_ready_internal
 .text._task_alloc_td_internal
                0x00004060      0x130 ./MQXLITE/kernel/task.o
                0x00004060                _task_alloc_td_internal
 .text._task_set_error_td_internal
                0x00004190       0x2c ./MQXLITE/kernel/task.o
                0x00004190                _task_set_error_td_internal
 .text._time_delay_internal
                0x000041bc       0xf8 ./MQXLITE/kernel/time_ticks.o
                0x000041bc                _time_delay_internal
 .text._time_delay_ticks
                0x000042b4       0x74 ./MQXLITE/kernel/time_ticks.o
                0x000042b4                _time_delay_ticks
 .text._time_notify_kernel
                0x00004328      0x1a0 ./MQXLITE/kernel/time_ticks.o
                0x00004328                _time_notify_kernel
 .text._time_set_hwtick_function
                0x000044c8       0x28 ./MQXLITE/kernel/time_ticks.o
                0x000044c8                _time_set_hwtick_function
 .text._time_set_hwticks_per_tick
                0x000044f0       0x20 ./MQXLITE/kernel/time_ticks.o
                0x000044f0                _time_set_hwticks_per_tick
 .text.ASerialLdd1_Init
                0x00004510      0x168 ./Generated_Code/ASerialLdd1.o
                0x00004510                ASerialLdd1_Init
 .text.ASerialLdd1_ReceiveBlock
                0x00004678       0x50 ./Generated_Code/ASerialLdd1.o
                0x00004678                ASerialLdd1_ReceiveBlock
 .text.ASerialLdd1_SendBlock
                0x000046c8       0x80 ./Generated_Code/ASerialLdd1.o
                0x000046c8                ASerialLdd1_SendBlock
 .text.InterruptRx
                0x00004748       0x58 ./Generated_Code/ASerialLdd1.o
 .text.InterruptTx
                0x000047a0       0x80 ./Generated_Code/ASerialLdd1.o
 .text.ASerialLdd1_Interrupt
                0x00004820       0xe4 ./Generated_Code/ASerialLdd1.o
                0x00004820                ASerialLdd1_Interrupt
 .text.ASerialLdd1_GetError
                0x00004904       0x30 ./Generated_Code/ASerialLdd1.o
                0x00004904                ASerialLdd1_GetError
 .text.ASerialLdd2_Init
                0x00004934      0x16c ./Generated_Code/ASerialLdd2.o
                0x00004934                ASerialLdd2_Init
 .text.ASerialLdd2_ReceiveBlock
                0x00004aa0       0x50 ./Generated_Code/ASerialLdd2.o
                0x00004aa0                ASerialLdd2_ReceiveBlock
 .text.ASerialLdd2_SendBlock
                0x00004af0       0x80 ./Generated_Code/ASerialLdd2.o
                0x00004af0                ASerialLdd2_SendBlock
 .text.InterruptRx
                0x00004b70       0x58 ./Generated_Code/ASerialLdd2.o
 .text.InterruptTx
                0x00004bc8       0x80 ./Generated_Code/ASerialLdd2.o
 .text.ASerialLdd2_Interrupt
                0x00004c48       0xe4 ./Generated_Code/ASerialLdd2.o
                0x00004c48                ASerialLdd2_Interrupt
 .text.ASerialLdd2_GetError
                0x00004d2c       0x30 ./Generated_Code/ASerialLdd2.o
                0x00004d2c                ASerialLdd2_GetError
 .text.HWEnDi   0x00004d5c       0x20 ./Generated_Code/BLUE.o
 .text.BLUE_RecvChar
                0x00004d7c       0xe0 ./Generated_Code/BLUE.o
                0x00004d7c                BLUE_RecvChar
 .text.BLUE_Init
                0x00004e5c       0x64 ./Generated_Code/BLUE.o
                0x00004e5c                BLUE_Init
 .text.ASerialLdd2_OnBlockReceived
                0x00004ec0       0xbc ./Generated_Code/BLUE.o
                0x00004ec0                ASerialLdd2_OnBlockReceived
 .text.ASerialLdd2_OnBlockSent
                0x00004f7c       0x88 ./Generated_Code/BLUE.o
                0x00004f7c                ASerialLdd2_OnBlockSent
 .text.ASerialLdd2_OnError
                0x00005004       0xa4 ./Generated_Code/BLUE.o
                0x00005004                ASerialLdd2_OnError
 .text.ASerialLdd2_OnBreak
                0x000050a8       0x20 ./Generated_Code/BLUE.o
                0x000050a8                ASerialLdd2_OnBreak
 .text.BitIoLdd1_Init
                0x000050c8       0x4c ./Generated_Code/BitIoLdd1.o
                0x000050c8                BitIoLdd1_Init
 .text.BitIoLdd2_Init
                0x00005114       0x4c ./Generated_Code/BitIoLdd2.o
                0x00005114                BitIoLdd2_Init
 .text.BitIoLdd3_Init
                0x00005160       0x4c ./Generated_Code/BitIoLdd3.o
                0x00005160                BitIoLdd3_Init
 .text.BitIoLdd4_Init
                0x000051ac       0x4c ./Generated_Code/BitIoLdd4.o
                0x000051ac                BitIoLdd4_Init
 .text.BitIoLdd4_PutVal
                0x000051f8       0x34 ./Generated_Code/BitIoLdd4.o
                0x000051f8                BitIoLdd4_PutVal
 .text.BitIoLdd5_Init
                0x0000522c       0x4c ./Generated_Code/BitIoLdd5.o
                0x0000522c                BitIoLdd5_Init
 .text.CRC1_Init
                0x00005278       0x84 ./Generated_Code/CRC1.o
                0x00005278                CRC1_Init
 .text.Components_Init
                0x000052fc       0x40 ./Generated_Code/Cpu.o
                0x000052fc                Components_Init
 .text.CheckStateAndRange
                0x0000533c       0x48 ./Generated_Code/IntFlashLdd1.o
 .text.IntFlashLdd1_Init
                0x00005384       0xac ./Generated_Code/IntFlashLdd1.o
                0x00005384                IntFlashLdd1_Init
 .text.IntFlashLdd1_Read
                0x00005430       0x64 ./Generated_Code/IntFlashLdd1.o
                0x00005430                IntFlashLdd1_Read
 .text.IntFlashLdd1_Write
                0x00005494       0x88 ./Generated_Code/IntFlashLdd1.o
                0x00005494                IntFlashLdd1_Write
 .text.IntFlashLdd1_Erase
                0x0000551c       0x88 ./Generated_Code/IntFlashLdd1.o
                0x0000551c                IntFlashLdd1_Erase
 .text.IntFlashLdd1_GetError
                0x000055a4       0x48 ./Generated_Code/IntFlashLdd1.o
                0x000055a4                IntFlashLdd1_GetError
 .text.IntFlashLdd1_Main
                0x000055ec      0x2ac ./Generated_Code/IntFlashLdd1.o
                0x000055ec                IntFlashLdd1_Main
 .text.IntFlashLdd1_CommandCompleteInterrupt
                0x00005898       0x1c ./Generated_Code/IntFlashLdd1.o
                0x00005898                IntFlashLdd1_CommandCompleteInterrupt
 .text.SystemTimer1_OnCounterRestart
                0x000058b4       0x14 ./Generated_Code/MQX1.o
                0x000058b4                SystemTimer1_OnCounterRestart
 .text.SystemTimer1_GetTicsPerSecond
                0x000058c8       0x34 ./Generated_Code/MQX1.o
                0x000058c8                SystemTimer1_GetTicsPerSecond
 .text.system_timer_init
                0x000058fc       0x6c ./Generated_Code/MQX1.o
                0x000058fc                system_timer_init
 .text.system_timer_start
                0x00005968       0x20 ./Generated_Code/MQX1.o
                0x00005968                system_timer_start
 .text.SM1_Init
                0x00005988       0xf0 ./Generated_Code/SM1.o
                0x00005988                SM1_Init
 .text.SM1_SendBlock
                0x00005a78       0x54 ./Generated_Code/SM1.o
                0x00005a78                SM1_SendBlock
 .text.SM1_Interrupt
                0x00005acc       0xe0 ./Generated_Code/SM1.o
                0x00005acc                SM1_Interrupt
 .text.SystemTimer1_Init
                0x00005bac       0x8c ./Generated_Code/SystemTimer1.o
                0x00005bac                SystemTimer1_Init
 .text.SystemTimer1_Enable
                0x00005c38       0x24 ./Generated_Code/SystemTimer1.o
                0x00005c38                SystemTimer1_Enable
 .text.SystemTimer1_GetInputFrequency
                0x00005c5c       0x18 ./Generated_Code/SystemTimer1.o
                0x00005c5c                SystemTimer1_GetInputFrequency
 .text.SystemTimer1_GetPeriodTicks
                0x00005c74       0x38 ./Generated_Code/SystemTimer1.o
                0x00005c74                SystemTimer1_GetPeriodTicks
 .text.SystemTimer1_GetCounterValue
                0x00005cac       0x18 ./Generated_Code/SystemTimer1.o
                0x00005cac                SystemTimer1_GetCounterValue
 .text.SystemTimer1_Interrupt
                0x00005cc4       0x30 ./Generated_Code/SystemTimer1.o
                0x00005cc4                SystemTimer1_Interrupt
 .text.HWEnDi   0x00005cf4       0x20 ./Generated_Code/UART_DEBUG.o
 .text.UART_DEBUG_RecvChar
                0x00005d14       0xe8 ./Generated_Code/UART_DEBUG.o
                0x00005d14                UART_DEBUG_RecvChar
 .text.UART_DEBUG_SendBlock
                0x00005dfc      0x13c ./Generated_Code/UART_DEBUG.o
                0x00005dfc                UART_DEBUG_SendBlock
 .text.UART_DEBUG_GetCharsInTxBuf
                0x00005f38       0x14 ./Generated_Code/UART_DEBUG.o
                0x00005f38                UART_DEBUG_GetCharsInTxBuf
 .text.UART_DEBUG_Init
                0x00005f4c       0x64 ./Generated_Code/UART_DEBUG.o
                0x00005f4c                UART_DEBUG_Init
 .text.ASerialLdd1_OnBlockReceived
                0x00005fb0       0x90 ./Generated_Code/UART_DEBUG.o
                0x00005fb0                ASerialLdd1_OnBlockReceived
 .text.ASerialLdd1_OnBlockSent
                0x00006040       0x88 ./Generated_Code/UART_DEBUG.o
                0x00006040                ASerialLdd1_OnBlockSent
 .text.ASerialLdd1_OnError
                0x000060c8       0x90 ./Generated_Code/UART_DEBUG.o
                0x000060c8                ASerialLdd1_OnError
 .text.ASerialLdd1_OnBreak
                0x00006158       0x20 ./Generated_Code/UART_DEBUG.o
                0x00006158                ASerialLdd1_OnBreak
 .text.flash_SetFlash
                0x00006178      0x144 ./Generated_Code/flash.o
                0x00006178                flash_SetFlash
 .text.flash_Init
                0x000062bc       0x2c ./Generated_Code/flash.o
                0x000062bc                flash_Init
 .text.flash_SetBlockFlash
                0x000062e8       0x2c ./Generated_Code/flash.o
                0x000062e8                flash_SetBlockFlash
 .text.flash_GetBlockFlash
                0x00006314       0xa0 ./Generated_Code/flash.o
                0x00006314                flash_GetBlockFlash
 .text.IntFlashLdd1_OnOperationComplete
                0x000063b4       0x94 ./Generated_Code/flash.o
                0x000063b4                IntFlashLdd1_OnOperationComplete
 .text.IntFlashLdd1_OnError
                0x00006448       0x58 ./Generated_Code/flash.o
                0x00006448                IntFlashLdd1_OnError
 .text.exit     0x000064a0       0x2c /opt/Freescale/KDS_v3/toolchain/bin/../lib/gcc/arm-none-eabi/4.8.4/../../../../arm-none-eabi/lib/armv6-m/libg_s.a(lib_a-exit.o)
                0x000064a0                exit
 .text.__libc_init_array
                0x000064cc       0x4c /opt/Freescale/KDS_v3/toolchain/bin/../lib/gcc/arm-none-eabi/4.8.4/../../../../arm-none-eabi/lib/armv6-m/libg_s.a(lib_a-init.o)
                0x000064cc                __libc_init_array
 .text.memcpy   0x00006518       0x12 /opt/Freescale/KDS_v3/toolchain/bin/../lib/gcc/arm-none-eabi/4.8.4/../../../../arm-none-eabi/lib/armv6-m/libg_s.a(lib_a-memcpy-stub.o)
                0x00006518                memcpy
 .text.memset   0x0000652a       0x10 /opt/Freescale/KDS_v3/toolchain/bin/../lib/gcc/arm-none-eabi/4.8.4/../../../../arm-none-eabi/lib/armv6-m/libg_s.a(lib_a-memset.o)
                0x0000652a                memset
 *fill*         0x0000653a        0x2 
 .text._exit    0x0000653c        0x4 /opt/Freescale/KDS_v3/toolchain/bin/../lib/gcc/arm-none-eabi/4.8.4/../../../../arm-none-eabi/lib/armv6-m/libnosys.a(_exit.o)
                0x0000653c                _exit
 *(.rodata)
 .rodata        0x00006540      0x154 ./Sources/tasks/cmd.o
 .rodata        0x00006694       0xb0 ./Sources/tasks/decoder.o
 .rodata        0x00006744       0x38 ./Sources/tasks/led_run.o
 .rodata        0x0000677c       0x30 ./Sources/dev/print.o
 .rodata        0x000067ac       0x10 ./Sources/mqx_tasks.o
 .rodata        0x000067bc       0x10 ./MQXLITE/kernel/mqx_utils.o
 .rodata        0x000067cc       0xdc ./MQXLITE/kernel/mqxlite.o
 .rodata        0x000068a8        0xc ./MQXLITE/config/task_template_list.o
 .rodata        0x000068b4       0x40 /opt/Freescale/KDS_v3/toolchain/bin/../lib/gcc/arm-none-eabi/4.8.4/armv6-m/libgcc.a(divsf3.o)
 .rodata        0x000068f4       0x40 /opt/Freescale/KDS_v3/toolchain/bin/../lib/gcc/arm-none-eabi/4.8.4/armv6-m/libgcc.a(mulsf3.o)
 *(.rodata*)
 .rodata.ClockGenModeMatrix
                0x00006934       0x48 ./Static_Code/System/CPU_Init.o
 .rodata.CPU_ClockConfigDescriptors
                0x0000697c       0x10 ./Static_Code/System/CPU_Init.o
 .rodata.CPU_DefaultFEI
                0x0000698c        0x8 ./Static_Code/System/CPU_Init.o
 .rodata.CPU_DefaultFBI
                0x00006994        0x8 ./Static_Code/System/CPU_Init.o
 .rodata.CPU_DefaultFBILP
                0x0000699c        0x8 ./Static_Code/System/CPU_Init.o
 .rodata.CPU_DefaultFEE
                0x000069a4        0x8 ./Static_Code/System/CPU_Init.o
 .rodata.CPU_DefaultFBE
                0x000069ac        0x8 ./Static_Code/System/CPU_Init.o
 .rodata.CPU_DefaultFBELP
                0x000069b4        0x8 ./Static_Code/System/CPU_Init.o
 .rodata.CPU_ClockGenModeRegs
                0x000069bc       0x18 ./Static_Code/System/CPU_Init.o
 .rodata.CPU_SetClockConfigGenMode
                0x000069d4       0x30 ./Static_Code/System/CPU_Init.o
 .rodata.cmd_list
                0x00006a04       0x90 ./Sources/tasks/cmd.o
                0x00006a04                cmd_list
 .rodata.UARTprintf
                0x00006a94      0x150 ./Sources/dev/print.o
 .rodata._mem_zero
                0x00006be4       0x40 ./MQXLITE/psp/cortex_m/mem_zero.o
 .rodata._mqx_version_number
                0x00006c24        0x4 ./MQXLITE/kernel/mqxlite.o
                0x00006c24                _mqx_version_number
 .rodata._mqx_vendor
                0x00006c28        0x4 ./MQXLITE/kernel/mqxlite.o
                0x00006c28                _mqx_vendor
 .rodata._mqx_path
                0x00006c2c        0x4 ./MQXLITE/kernel/mqxlite.o
                0x00006c2c                _mqx_path
 .rodata._mqxlite_version_number
                0x00006c30        0x4 ./MQXLITE/kernel/mqxlite.o
                0x00006c30                _mqxlite_version_number
 .rodata.MQX_template_list
                0x00006c34       0x70 ./MQXLITE/config/task_template_list.o
                0x00006c34                MQX_template_list
 .rodata.SafeRoutine
                0x00006ca4       0x18 ./Generated_Code/IntFlashLdd1.o
 .rodata.MQX_init_struct
                0x00006cbc       0x24 ./Generated_Code/MQX1.o
                0x00006cbc                MQX_init_struct
 .rodata._ctype_
                0x00006ce0      0x101 /opt/Freescale/KDS_v3/toolchain/bin/../lib/gcc/arm-none-eabi/4.8.4/../../../../arm-none-eabi/lib/armv6-m/libg_s.a(lib_a-ctype_.o)
                0x00006ce0                _ctype_
 .rodata.str1.1
                0x00006de1        0x2 /opt/Freescale/KDS_v3/toolchain/bin/../lib/gcc/arm-none-eabi/4.8.4/../../../../arm-none-eabi/lib/armv6-m/libg_s.a(lib_a-impure.o)
 *fill*         0x00006de3        0x1 
 .rodata._global_impure_ptr
                0x00006de4        0x4 /opt/Freescale/KDS_v3/toolchain/bin/../lib/gcc/arm-none-eabi/4.8.4/../../../../arm-none-eabi/lib/armv6-m/libg_s.a(lib_a-impure.o)
                0x00006de4                _global_impure_ptr
 .rodata.__sf_fake_stdin
                0x00006de8       0x20 /opt/Freescale/KDS_v3/toolchain/bin/../lib/gcc/arm-none-eabi/4.8.4/../../../../arm-none-eabi/lib/armv6-m/libg_s.a(lib_a-findfp.o)
                0x00006de8                __sf_fake_stdin
 .rodata.__sf_fake_stdout
                0x00006e08       0x20 /opt/Freescale/KDS_v3/toolchain/bin/../lib/gcc/arm-none-eabi/4.8.4/../../../../arm-none-eabi/lib/armv6-m/libg_s.a(lib_a-findfp.o)
                0x00006e08                __sf_fake_stdout
 .rodata.__sf_fake_stderr
                0x00006e28       0x20 /opt/Freescale/KDS_v3/toolchain/bin/../lib/gcc/arm-none-eabi/4.8.4/../../../../arm-none-eabi/lib/armv6-m/libg_s.a(lib_a-findfp.o)
                0x00006e28                __sf_fake_stderr
 *(.glue_7)
 .glue_7        0x00000000        0x0 linker stubs
 *(.glue_7t)
 .glue_7t       0x00000000        0x0 linker stubs
 *(.eh_frame)
 .eh_frame      0x00006e48        0x0 /opt/Freescale/KDS_v3/toolchain/bin/../lib/gcc/arm-none-eabi/4.8.4/armv6-m/crtbegin.o
 *(.init)
 .init          0x00006e48        0x4 /opt/Freescale/KDS_v3/toolchain/bin/../lib/gcc/arm-none-eabi/4.8.4/armv6-m/crti.o
                0x00006e48                _init
 .init          0x00006e4c        0x8 /opt/Freescale/KDS_v3/toolchain/bin/../lib/gcc/arm-none-eabi/4.8.4/armv6-m/crtn.o
 *(.fini)
 .fini          0x00006e54        0x4 /opt/Freescale/KDS_v3/toolchain/bin/../lib/gcc/arm-none-eabi/4.8.4/armv6-m/crti.o
                0x00006e54                _fini
 .fini          0x00006e58        0x8 /opt/Freescale/KDS_v3/toolchain/bin/../lib/gcc/arm-none-eabi/4.8.4/armv6-m/crtn.o
                0x00006e60                . = ALIGN (0x4)
 *(KERNEL)
 KERNEL         0x00006e60      0x278 ./MQXLITE/psp/cortex_m/core/M0/dispatch.o
                0x00006e60                _sched_start_internal
                0x00006e66                _sched_run_internal
                0x00006e6c                _sched_check_scheduler_internal
                0x00006e84                _sched_execute_scheduler_internal
                0x00006f4c                _mqx_api_call
                0x00006f4e                _task_block
                0x00006f96                _int_kernel_isr
                0x00007040                _psp_exception_return
                0x00007078                _mem_test_and_set
                0x0000708e                __get_PSP
                0x00007094                __get_MSP
                0x0000709a                __set_MSP
                0x000070a0                __get_PSR
                0x000070a6                __enable_interrupt
                0x000070aa                __disable_interrupt
                0x000070ae                __get_LR
                0x000070b2                __get_PC
                0x000070b6                __get_CONTROL
                0x00000000                __VECTOR_TABLE_START = __vector_table
                0x000070d8                . = ALIGN (0x4)
 *(.rdata)
                0x000070d8                . = ALIGN (0x4)
 *(.exception)
                0x000070d8                . = ALIGN (0x4)
                0x000070d8                __exception_table_start__ = .
                0x000070d8                __exception_table_end__ = .
                0x000070d8                __sinit__ = .
                0x000070d8                _etext = .

.vfp11_veneer   0x000070d8        0x0
 .vfp11_veneer  0x00000000        0x0 linker stubs

.v4_bx          0x000070d8        0x0
 .v4_bx         0x00000000        0x0 linker stubs

.iplt           0x000070d8        0x0
 .iplt          0x00000000        0x0 /opt/Freescale/KDS_v3/toolchain/bin/../lib/gcc/arm-none-eabi/4.8.4/armv6-m/crtbegin.o

.ARM.extab
 *(.ARM.extab* .gnu.linkonce.armextab.*)

.ARM            0x000070d8        0x8
                0x000070d8                __exidx_start = .
 *(.ARM.exidx*)
 .ARM.exidx     0x000070d8        0x8 /opt/Freescale/KDS_v3/toolchain/bin/../lib/gcc/arm-none-eabi/4.8.4/../../../../arm-none-eabi/lib/armv6-m/crt0.o
                0x000070e0                __exidx_end = .

.rel.dyn        0x000070e0        0x0
 .rel.iplt      0x00000000        0x0 /opt/Freescale/KDS_v3/toolchain/bin/../lib/gcc/arm-none-eabi/4.8.4/armv6-m/crtbegin.o

.ctors          0x000070e0        0x0
                0x000070e0                __CTOR_LIST__ = .
 *crtbegin.o(.ctors)
 *(EXCLUDE_FILE(*crtend.o) .ctors)
 *(SORT(.ctors.*))
 *(.ctors)
                0x000070e0                __CTOR_END__ = .

.dtors          0x000070e0        0x0
                0x000070e0                __DTOR_LIST__ = .
 *crtbegin.o(.dtors)
 *(EXCLUDE_FILE(*crtend.o) .dtors)
 *(SORT(.dtors.*))
 *(.dtors)
                0x000070e0                __DTOR_END__ = .

.preinit_array  0x000070e0        0x0
                0x000070e0                PROVIDE (__preinit_array_start, .)
 *(.preinit_array*)
                0x000070e0                PROVIDE (__preinit_array_end, .)

.init_array     0x000070e0        0x4
                0x000070e0                PROVIDE (__init_array_start, .)
 *(SORT(.init_array.*))
 *(.init_array*)
 .init_array    0x000070e0        0x4 /opt/Freescale/KDS_v3/toolchain/bin/../lib/gcc/arm-none-eabi/4.8.4/armv6-m/crtbegin.o
                0x000070e4                PROVIDE (__init_array_end, .)

.fini_array     0x000070e4        0x4
                0x000070e4                PROVIDE (__fini_array_start, .)
 *(SORT(.fini_array.*))
 *(.fini_array*)
 .fini_array    0x000070e4        0x4 /opt/Freescale/KDS_v3/toolchain/bin/../lib/gcc/arm-none-eabi/4.8.4/armv6-m/crtbegin.o
                0x000070e8                PROVIDE (__fini_array_end, .)
                0x000070e8                ___ROM_AT = .

.mtb            0x1ffff000        0x0
                0x1ffff000                . = ALIGN (0x8)
                0x1ffff000                _mtb_start = .
 *(.mtb_buf)
                0x1ffff000                . = ALIGN (0x8)
                0x1ffff000                _mtb_end = .

.data           0x1ffff000       0x98 load address 0x000070e8
                0x1ffff000                . = ALIGN (0x4)
                0x1ffff000                _sdata = .
 *(.data)
 *(.data*)
 .data.PI       0x1ffff000       0x20 ./Sources/tasks/spi_output.o
                0x1ffff000                PI
 .data._mqx_kernel_data
                0x1ffff020        0x4 ./MQXLITE/kernel/mqxlite.o
                0x1ffff020                _mqx_kernel_data
 .data.mqx_task_stack_pointers
                0x1ffff024       0x10 ./Generated_Code/MQX1.o
                0x1ffff024                mqx_task_stack_pointers
 .data.__ctype_ptr__
                0x1ffff034        0x4 /opt/Freescale/KDS_v3/toolchain/bin/../lib/gcc/arm-none-eabi/4.8.4/../../../../arm-none-eabi/lib/armv6-m/libg_s.a(lib_a-ctype_.o)
                0x1ffff034                __ctype_ptr__
 .data.impure_data
                0x1ffff038       0x60 /opt/Freescale/KDS_v3/toolchain/bin/../lib/gcc/arm-none-eabi/4.8.4/../../../../arm-none-eabi/lib/armv6-m/libg_s.a(lib_a-impure.o)
                0x1ffff098                . = ALIGN (0x4)
                0x1ffff098                _edata = .
                0x00000098                ___data_size = (_edata - _sdata)

.jcr            0x1ffff098        0x0 load address 0x00007180
 .jcr           0x1ffff098        0x0 /opt/Freescale/KDS_v3/toolchain/bin/../lib/gcc/arm-none-eabi/4.8.4/armv6-m/crtbegin.o

.igot.plt       0x1ffff098        0x0 load address 0x00007180
 .igot.plt      0x00000000        0x0 /opt/Freescale/KDS_v3/toolchain/bin/../lib/gcc/arm-none-eabi/4.8.4/armv6-m/crtbegin.o
                0x1ffff098                . = ALIGN (0x4)

.bss            0x1ffff098     0x2508 load address 0x00007180
                0x1ffff098                __START_BSS = .
                0x1ffff098                PROVIDE (__bss_start__, __START_BSS)
 *(.bss)
 .bss           0x1ffff098       0x1c /opt/Freescale/KDS_v3/toolchain/bin/../lib/gcc/arm-none-eabi/4.8.4/armv6-m/crtbegin.o
 *(.bss*)
 .bss.SR_lock   0x1ffff0b4        0x1 ./Static_Code/System/CPU_Init.o
                0x1ffff0b4                SR_lock
 .bss.at_cmd_putvalue
                0x1ffff0b5        0x1 ./Sources/tasks/cmd.o
                0x1ffff0b5                at_cmd_putvalue
 *fill*         0x1ffff0b6        0x2 
 .bss.rec_count.7555
                0x1ffff0b8        0x4 ./Sources/tasks/cmd.o
 .bss.RGB_Index
                0x1ffff0bc        0x4 ./Sources/tasks/spi_output.o
                0x1ffff0bc                RGB_Index
 .bss.DeviceDataPrv__DEFAULT_RTOS_ALLOC
                0x1ffff0c0       0x28 ./Generated_Code/ASerialLdd1.o
 .bss.DeviceDataPrv__DEFAULT_RTOS_ALLOC
                0x1ffff0e8       0x28 ./Generated_Code/ASerialLdd2.o
 .bss.SerFlag   0x1ffff110        0x2 ./Generated_Code/BLUE.o
 .bss.ErrFlag   0x1ffff112        0x2 ./Generated_Code/BLUE.o
 .bss.BLUE_InpLen
                0x1ffff114        0x2 ./Generated_Code/BLUE.o
 .bss.InpIndexR
                0x1ffff116        0x2 ./Generated_Code/BLUE.o
 .bss.InpIndexW
                0x1ffff118        0x2 ./Generated_Code/BLUE.o
 *fill*         0x1ffff11a        0x2 
 .bss.InpBuffer
                0x1ffff11c       0xc8 ./Generated_Code/BLUE.o
 .bss.BufferRead
                0x1ffff1e4        0x1 ./Generated_Code/BLUE.o
 *fill*         0x1ffff1e5        0x1 
 .bss.BLUE_OutLen
                0x1ffff1e6        0x2 ./Generated_Code/BLUE.o
 .bss.OutIndexR
                0x1ffff1e8        0x2 ./Generated_Code/BLUE.o
 .bss.OutIndexW
                0x1ffff1ea        0x2 ./Generated_Code/BLUE.o
 .bss.OutBuffer
                0x1ffff1ec       0xc8 ./Generated_Code/BLUE.o
 .bss.DeviceDataPrv__DEFAULT_RTOS_ALLOC
                0x1ffff2b4        0x4 ./Generated_Code/BitIoLdd1.o
 .bss.DeviceDataPrv__DEFAULT_RTOS_ALLOC
                0x1ffff2b8        0x4 ./Generated_Code/BitIoLdd2.o
 .bss.DeviceDataPrv__DEFAULT_RTOS_ALLOC
                0x1ffff2bc        0x4 ./Generated_Code/BitIoLdd3.o
 .bss.DeviceDataPrv__DEFAULT_RTOS_ALLOC
                0x1ffff2c0        0x4 ./Generated_Code/BitIoLdd4.o
 .bss.DeviceDataPrv__DEFAULT_RTOS_ALLOC
                0x1ffff2c4        0x4 ./Generated_Code/BitIoLdd5.o
 .bss.DeviceDataPtr__DEFAULT_RTOS_ALLOC
                0x1ffff2c8        0xc ./Generated_Code/CRC1.o
 .bss.DevDataPtr__DEFAULT_RTOS_ALLOC
                0x1ffff2d4       0x20 ./Generated_Code/IntFlashLdd1.o
 .bss.SystemTimerDeviceDataPtr
                0x1ffff2f4        0x4 ./Generated_Code/MQX1.o
 .bss.PE_LDD_DeviceDataList
                0x1ffff2f8       0x2c ./Generated_Code/PE_LDD.o
                0x1ffff2f8                PE_LDD_DeviceDataList
 .bss.DeviceDataPrv__DEFAULT_RTOS_ALLOC
                0x1ffff324       0x24 ./Generated_Code/SM1.o
 .bss.DeviceDataPrv__DEFAULT_RTOS_ALLOC
                0x1ffff348        0xc ./Generated_Code/SystemTimer1.o
 .bss.SerFlag   0x1ffff354        0x2 ./Generated_Code/UART_DEBUG.o
 .bss.UART_DEBUG_InpLen
                0x1ffff356        0x2 ./Generated_Code/UART_DEBUG.o
 .bss.InpIndexR
                0x1ffff358        0x2 ./Generated_Code/UART_DEBUG.o
 .bss.InpIndexW
                0x1ffff35a        0x2 ./Generated_Code/UART_DEBUG.o
 .bss.InpBuffer
                0x1ffff35c       0xc8 ./Generated_Code/UART_DEBUG.o
 .bss.BufferRead
                0x1ffff424        0x1 ./Generated_Code/UART_DEBUG.o
 *fill*         0x1ffff425        0x1 
 .bss.UART_DEBUG_OutLen
                0x1ffff426        0x2 ./Generated_Code/UART_DEBUG.o
 .bss.OutIndexR
                0x1ffff428        0x2 ./Generated_Code/UART_DEBUG.o
 .bss.OutIndexW
                0x1ffff42a        0x2 ./Generated_Code/UART_DEBUG.o
 .bss.OutBuffer
                0x1ffff42c       0xc8 ./Generated_Code/UART_DEBUG.o
 .bss.flash_CurrentCommand
                0x1ffff4f4        0x4 ./Generated_Code/flash.o
 .bss.flash_CmdResult
                0x1ffff4f8        0x1 ./Generated_Code/flash.o
 .bss.flash_CmdPending
                0x1ffff4f9        0x1 ./Generated_Code/flash.o
 .bss.flash_EnEvent
                0x1ffff4fa        0x1 ./Generated_Code/flash.o
 *fill*         0x1ffff4fb        0x1 
 .bss.IntFlashLdd1_DevDataPtr
                0x1ffff4fc        0x4 ./Generated_Code/flash.o
 .bss.flash_DataAddress
                0x1ffff500        0x4 ./Generated_Code/flash.o
 .bss.flash_FlashAddress
                0x1ffff504        0x4 ./Generated_Code/flash.o
 .bss.flash_DataSize
                0x1ffff508        0x4 ./Generated_Code/flash.o
 *(COMMON)
 COMMON         0x1ffff50c        0x1 ./Static_Code/System/CPU_Init.o
                0x1ffff50c                SR_reg
 *fill*         0x1ffff50d        0x3 
 COMMON         0x1ffff510      0x288 ./Sources/tasks/cmd.o
                0x1ffff510                cmd_analyze
                0x1ffff77c                semaphore_uart
 COMMON         0x1ffff798      0x122 ./Sources/tasks/led_run.o
                0x1ffff798                display_data
 *fill*         0x1ffff8ba        0x2 
 COMMON         0x1ffff8bc      0xd80 ./Sources/tasks/spi_output.o
                0x1ffff8bc                RGB_Buf
 COMMON         0x2000063c        0x4 ./Generated_Code/BLUE.o
                0x2000063c                ASerialLdd2_DeviceDataPtr
 COMMON         0x20000640      0xf5c ./Generated_Code/MQX1.o
                0x20000640                SPI_task_stack
                0x200008c8                _mqx_kernel_data_struct
                0x20000afc                mqx_interrupt_stack
                0x20000c0c                com_task_stack
                0x20000e94                mqx_static_ready_queue
                0x20000f34                mqx_static_isr_table
                0x20000fe8                mqx_idle_task_stack
                0x20001114                HB_task_stack
 COMMON         0x2000159c        0x4 ./Generated_Code/UART_DEBUG.o
                0x2000159c                ASerialLdd1_DeviceDataPtr
                0x200015a0                . = ALIGN (0x4)
                0x200015a0                __END_BSS = .
                0x200015a0                PROVIDE (__bss_end__, __END_BSS)
                0x00007180                _romp_at = (___ROM_AT + SIZEOF (.data))

.romp           0x200015a0       0x18 load address 0x00007180
                0x00007180                __S_romp = _romp_at
                0x200015a0        0x4 LONG 0x70e8 ___ROM_AT
                0x200015a4        0x4 LONG 0x1ffff000 _sdata
                0x200015a8        0x4 LONG 0x98 ___data_size
                0x200015ac        0x4 LONG 0x0
                0x200015b0        0x4 LONG 0x0
                0x200015b4        0x4 LONG 0x0
                0x00020000                text_end = (ORIGIN (m_text) + 0x1fbf0)
                0x00007198                data_init_end = ((___ROM_AT + SIZEOF (.data)) + SIZEOF (.romp))
                0x00000001                ASSERT ((data_init_end <= text_end), region m_text overflowed with text and data)

._user_heap_stack
                0x200015b8      0x400 load address 0x00007198
                0x200015b8                . = ALIGN (0x4)
                0x200015b8                PROVIDE (end, .)
                0x200015b8                PROVIDE (_end, .)
                0x200015b8                PROVIDE (__end__, .)
                0x200015b8                __heap_addr = .
                0x200015b8                __HeapBase = .
                0x200015b8                . = (. + __heap_size)
                0x200015b8                __HeapLimit = .
                0x200019b8                . = (. + __stack_size)
 *fill*         0x200015b8      0x400 
                0x200019b8                . = ALIGN (0x4)

.ARM.attributes
                0x00000000       0x28
 *(.ARM.attributes)
 .ARM.attributes
                0x00000000       0x1e /opt/Freescale/KDS_v3/toolchain/bin/../lib/gcc/arm-none-eabi/4.8.4/armv6-m/crti.o
 .ARM.attributes
                0x0000001e       0x2c /opt/Freescale/KDS_v3/toolchain/bin/../lib/gcc/arm-none-eabi/4.8.4/armv6-m/crtbegin.o
 .ARM.attributes
                0x0000004a       0x1b /opt/Freescale/KDS_v3/toolchain/bin/../lib/gcc/arm-none-eabi/4.8.4/../../../../arm-none-eabi/lib/armv6-m/crt0.o
 .ARM.attributes
                0x00000065       0x32 ./Static_Code/System/CPU_Init.o
 .ARM.attributes
                0x00000097       0x32 ./Static_Code/System/Vectors.o
 .ARM.attributes
                0x000000c9       0x32 ./Sources/tasks/cmd.o
 .ARM.attributes
                0x000000fb       0x32 ./Sources/tasks/decoder.o
 .ARM.attributes
                0x0000012d       0x32 ./Sources/tasks/led_run.o
 .ARM.attributes
                0x0000015f       0x32 ./Sources/tasks/spi_output.o
 .ARM.attributes
                0x00000191       0x32 ./Sources/tasks/uart.o
 .ARM.attributes
                0x000001c3       0x32 ./Sources/dev/print.o
 .ARM.attributes
                0x000001f5       0x32 ./Sources/Events.o
 .ARM.attributes
                0x00000227       0x32 ./Sources/main.o
 .ARM.attributes
                0x00000259       0x32 ./Sources/mqx_tasks.o
 .ARM.attributes
                0x0000028b       0x32 ./Project_Settings/Startup_Code/startup.o
 .ARM.attributes
                0x000002bd       0x22 ./MQXLITE/psp/cortex_m/core/M0/boot.o
 .ARM.attributes
                0x000002df       0x22 ./MQXLITE/psp/cortex_m/core/M0/dispatch.o
 .ARM.attributes
                0x00000301       0x32 ./MQXLITE/psp/cortex_m/int_inst.o
 .ARM.attributes
                0x00000333       0x32 ./MQXLITE/psp/cortex_m/int_vtab.o
 .ARM.attributes
                0x00000365       0x32 ./MQXLITE/psp/cortex_m/mem_zero.o
 .ARM.attributes
                0x00000397       0x32 ./MQXLITE/psp/cortex_m/psp_iinit.o
 .ARM.attributes
                0x000003c9       0x32 ./MQXLITE/psp/cortex_m/psp_tinm.o
 .ARM.attributes
                0x000003fb       0x32 ./MQXLITE/psp/cortex_m/sc_irdyq.o
 .ARM.attributes
                0x0000042d       0x32 ./MQXLITE/psp/cortex_m/stack_bu.o
 .ARM.attributes
                0x0000045f       0x32 ./MQXLITE/psp/cortex_m/stack_de.o
 .ARM.attributes
                0x00000491       0x32 ./MQXLITE/kernel/idletask.o
 .ARM.attributes
                0x000004c3       0x32 ./MQXLITE/kernel/int.o
 .ARM.attributes
                0x000004f5       0x32 ./MQXLITE/kernel/lwsem.o
 .ARM.attributes
                0x00000527       0x32 ./MQXLITE/kernel/mqx_utils.o
 .ARM.attributes
                0x00000559       0x32 ./MQXLITE/kernel/mqxlite.o
 .ARM.attributes
                0x0000058b       0x32 ./MQXLITE/kernel/task.o
 .ARM.attributes
                0x000005bd       0x32 ./MQXLITE/kernel/time_ticks.o
 .ARM.attributes
                0x000005ef       0x32 ./MQXLITE/config/task_template_list.o
 .ARM.attributes
                0x00000621       0x32 ./Generated_Code/ASerialLdd1.o
 .ARM.attributes
                0x00000653       0x32 ./Generated_Code/ASerialLdd2.o
 .ARM.attributes
                0x00000685       0x32 ./Generated_Code/BLUE.o
 .ARM.attributes
                0x000006b7       0x32 ./Generated_Code/BitIoLdd1.o
 .ARM.attributes
                0x000006e9       0x32 ./Generated_Code/BitIoLdd2.o
 .ARM.attributes
                0x0000071b       0x32 ./Generated_Code/BitIoLdd3.o
 .ARM.attributes
                0x0000074d       0x32 ./Generated_Code/BitIoLdd4.o
 .ARM.attributes
                0x0000077f       0x32 ./Generated_Code/BitIoLdd5.o
 .ARM.attributes
                0x000007b1       0x32 ./Generated_Code/CRC1.o
 .ARM.attributes
                0x000007e3       0x32 ./Generated_Code/Cpu.o
 .ARM.attributes
                0x00000815       0x32 ./Generated_Code/IntFlashLdd1.o
 .ARM.attributes
                0x00000847       0x32 ./Generated_Code/MQX1.o
 .ARM.attributes
                0x00000879       0x32 ./Generated_Code/PE_LDD.o
 .ARM.attributes
                0x000008ab       0x32 ./Generated_Code/SM1.o
 .ARM.attributes
                0x000008dd       0x32 ./Generated_Code/SystemTimer1.o
 .ARM.attributes
                0x0000090f       0x32 ./Generated_Code/UART_DEBUG.o
 .ARM.attributes
                0x00000941       0x32 ./Generated_Code/flash.o
 .ARM.attributes
                0x00000973       0x1e /opt/Freescale/KDS_v3/toolchain/bin/../lib/gcc/arm-none-eabi/4.8.4/armv6-m/libgcc.a(_udivsi3.o)
 .ARM.attributes
                0x00000991       0x1e /opt/Freescale/KDS_v3/toolchain/bin/../lib/gcc/arm-none-eabi/4.8.4/armv6-m/libgcc.a(_dvmd_tls.o)
 .ARM.attributes
                0x000009af       0x1e /opt/Freescale/KDS_v3/toolchain/bin/../lib/gcc/arm-none-eabi/4.8.4/armv6-m/libgcc.a(_arm_cmpsf2.o)
 .ARM.attributes
                0x000009cd       0x2c /opt/Freescale/KDS_v3/toolchain/bin/../lib/gcc/arm-none-eabi/4.8.4/armv6-m/libgcc.a(_fixunssfsi.o)
 .ARM.attributes
                0x000009f9       0x2c /opt/Freescale/KDS_v3/toolchain/bin/../lib/gcc/arm-none-eabi/4.8.4/armv6-m/libgcc.a(divsf3.o)
 .ARM.attributes
                0x00000a25       0x2c /opt/Freescale/KDS_v3/toolchain/bin/../lib/gcc/arm-none-eabi/4.8.4/armv6-m/libgcc.a(eqsf2.o)
 .ARM.attributes
                0x00000a51       0x2c /opt/Freescale/KDS_v3/toolchain/bin/../lib/gcc/arm-none-eabi/4.8.4/armv6-m/libgcc.a(gesf2.o)
 .ARM.attributes
                0x00000a7d       0x2c /opt/Freescale/KDS_v3/toolchain/bin/../lib/gcc/arm-none-eabi/4.8.4/armv6-m/libgcc.a(lesf2.o)
 .ARM.attributes
                0x00000aa9       0x2c /opt/Freescale/KDS_v3/toolchain/bin/../lib/gcc/arm-none-eabi/4.8.4/armv6-m/libgcc.a(mulsf3.o)
 .ARM.attributes
                0x00000ad5       0x2c /opt/Freescale/KDS_v3/toolchain/bin/../lib/gcc/arm-none-eabi/4.8.4/armv6-m/libgcc.a(subsf3.o)
 .ARM.attributes
                0x00000b01       0x2c /opt/Freescale/KDS_v3/toolchain/bin/../lib/gcc/arm-none-eabi/4.8.4/armv6-m/libgcc.a(fixsfsi.o)
 .ARM.attributes
                0x00000b2d       0x2c /opt/Freescale/KDS_v3/toolchain/bin/../lib/gcc/arm-none-eabi/4.8.4/armv6-m/libgcc.a(floatunsisf.o)
 .ARM.attributes
                0x00000b59       0x1e /opt/Freescale/KDS_v3/toolchain/bin/../lib/gcc/arm-none-eabi/4.8.4/armv6-m/libgcc.a(_clzsi2.o)
 .ARM.attributes
                0x00000b77       0x2c /opt/Freescale/KDS_v3/toolchain/bin/../lib/gcc/arm-none-eabi/4.8.4/../../../../arm-none-eabi/lib/armv6-m/libg_s.a(lib_a-ctype_.o)
 .ARM.attributes
                0x00000ba3       0x2c /opt/Freescale/KDS_v3/toolchain/bin/../lib/gcc/arm-none-eabi/4.8.4/../../../../arm-none-eabi/lib/armv6-m/libg_s.a(lib_a-exit.o)
 .ARM.attributes
                0x00000bcf       0x2c /opt/Freescale/KDS_v3/toolchain/bin/../lib/gcc/arm-none-eabi/4.8.4/../../../../arm-none-eabi/lib/armv6-m/libg_s.a(lib_a-impure.o)
 .ARM.attributes
                0x00000bfb       0x2c /opt/Freescale/KDS_v3/toolchain/bin/../lib/gcc/arm-none-eabi/4.8.4/../../../../arm-none-eabi/lib/armv6-m/libg_s.a(lib_a-init.o)
 .ARM.attributes
                0x00000c27       0x2c /opt/Freescale/KDS_v3/toolchain/bin/../lib/gcc/arm-none-eabi/4.8.4/../../../../arm-none-eabi/lib/armv6-m/libg_s.a(lib_a-memcpy-stub.o)
 .ARM.attributes
                0x00000c53       0x2c /opt/Freescale/KDS_v3/toolchain/bin/../lib/gcc/arm-none-eabi/4.8.4/../../../../arm-none-eabi/lib/armv6-m/libg_s.a(lib_a-memset.o)
 .ARM.attributes
                0x00000c7f       0x1c /opt/Freescale/KDS_v3/toolchain/bin/../lib/gcc/arm-none-eabi/4.8.4/../../../../arm-none-eabi/lib/armv6-m/libg_s.a(lib_a-strcmp.o)
 .ARM.attributes
                0x00000c9b       0x2c /opt/Freescale/KDS_v3/toolchain/bin/../lib/gcc/arm-none-eabi/4.8.4/../../../../arm-none-eabi/lib/armv6-m/libg_s.a(lib_a-findfp.o)
 .ARM.attributes
                0x00000cc7       0x2c /opt/Freescale/KDS_v3/toolchain/bin/../lib/gcc/arm-none-eabi/4.8.4/../../../../arm-none-eabi/lib/armv6-m/libnosys.a(_exit.o)
 .ARM.attributes
                0x00000cf3       0x1e /opt/Freescale/KDS_v3/toolchain/bin/../lib/gcc/arm-none-eabi/4.8.4/armv6-m/crtn.o
OUTPUT(piproject.elf elf32-littlearm)

.debug_info     0x00000000    0x1287e
 .debug_info    0x00000000      0xa1e ./Static_Code/System/CPU_Init.o
 .debug_info    0x00000a1e      0x589 ./Static_Code/System/Vectors.o
 .debug_info    0x00000fa7      0x92c ./Sources/tasks/cmd.o
 .debug_info    0x000018d3      0x40b ./Sources/tasks/decoder.o
 .debug_info    0x00001cde      0x27a ./Sources/tasks/led_run.o
 .debug_info    0x00001f58      0x33e ./Sources/tasks/spi_output.o
 .debug_info    0x00002296      0x458 ./Sources/tasks/uart.o
 .debug_info    0x000026ee      0x28e ./Sources/dev/print.o
 .debug_info    0x0000297c      0x188 ./Sources/Events.o
 .debug_info    0x00002b04       0xa1 ./Sources/main.o
 .debug_info    0x00002ba5      0x253 ./Sources/mqx_tasks.o
 .debug_info    0x00002df8      0x20a ./Project_Settings/Startup_Code/startup.o
 .debug_info    0x00003002       0x7a ./MQXLITE/psp/cortex_m/core/M0/boot.o
 .debug_info    0x0000307c       0x7e ./MQXLITE/psp/cortex_m/core/M0/dispatch.o
 .debug_info    0x000030fa      0x975 ./MQXLITE/psp/cortex_m/int_inst.o
 .debug_info    0x00003a6f      0x33d ./MQXLITE/psp/cortex_m/int_vtab.o
 .debug_info    0x00003dac      0x144 ./MQXLITE/psp/cortex_m/mem_zero.o
 .debug_info    0x00003ef0       0xe2 ./MQXLITE/psp/cortex_m/psp_iinit.o
 .debug_info    0x00003fd2      0xa06 ./MQXLITE/psp/cortex_m/psp_tinm.o
 .debug_info    0x000049d8      0xb4c ./MQXLITE/psp/cortex_m/sc_irdyq.o
 .debug_info    0x00005524      0x607 ./MQXLITE/psp/cortex_m/stack_bu.o
 .debug_info    0x00005b2b      0x3fc ./MQXLITE/psp/cortex_m/stack_de.o
 .debug_info    0x00005f27      0x988 ./MQXLITE/kernel/idletask.o
 .debug_info    0x000068af      0xd6b ./MQXLITE/kernel/int.o
 .debug_info    0x0000761a      0xff5 ./MQXLITE/kernel/lwsem.o
 .debug_info    0x0000860f      0xb27 ./MQXLITE/kernel/mqx_utils.o
 .debug_info    0x00009136      0xd6d ./MQXLITE/kernel/mqxlite.o
 .debug_info    0x00009ea3     0x1de7 ./MQXLITE/kernel/task.o
 .debug_info    0x0000bc8a      0xfb6 ./MQXLITE/kernel/time_ticks.o
 .debug_info    0x0000cc40      0x2a1 ./MQXLITE/config/task_template_list.o
 .debug_info    0x0000cee1      0x626 ./Generated_Code/ASerialLdd1.o
 .debug_info    0x0000d507      0x626 ./Generated_Code/ASerialLdd2.o
 .debug_info    0x0000db2d      0x6e8 ./Generated_Code/BLUE.o
 .debug_info    0x0000e215      0x2b6 ./Generated_Code/BitIoLdd1.o
 .debug_info    0x0000e4cb      0x216 ./Generated_Code/BitIoLdd2.o
 .debug_info    0x0000e6e1      0x290 ./Generated_Code/BitIoLdd3.o
 .debug_info    0x0000e971      0x290 ./Generated_Code/BitIoLdd4.o
 .debug_info    0x0000ec01      0x24f ./Generated_Code/BitIoLdd5.o
 .debug_info    0x0000ee50      0x60c ./Generated_Code/CRC1.o
 .debug_info    0x0000f45c       0xaa ./Generated_Code/Cpu.o
 .debug_info    0x0000f506      0x9b8 ./Generated_Code/IntFlashLdd1.o
 .debug_info    0x0000febe      0xd88 ./Generated_Code/MQX1.o
 .debug_info    0x00010c46      0x397 ./Generated_Code/PE_LDD.o
 .debug_info    0x00010fdd      0x662 ./Generated_Code/SM1.o
 .debug_info    0x0001163f      0x61f ./Generated_Code/SystemTimer1.o
 .debug_info    0x00011c5e      0x5a3 ./Generated_Code/UART_DEBUG.o
 .debug_info    0x00012201      0x67d ./Generated_Code/flash.o

.debug_abbrev   0x00000000     0x3e74
 .debug_abbrev  0x00000000      0x213 ./Static_Code/System/CPU_Init.o
 .debug_abbrev  0x00000213       0xee ./Static_Code/System/Vectors.o
 .debug_abbrev  0x00000301      0x223 ./Sources/tasks/cmd.o
 .debug_abbrev  0x00000524       0xff ./Sources/tasks/decoder.o
 .debug_abbrev  0x00000623      0x119 ./Sources/tasks/led_run.o
 .debug_abbrev  0x0000073c      0x13c ./Sources/tasks/spi_output.o
 .debug_abbrev  0x00000878      0x13a ./Sources/tasks/uart.o
 .debug_abbrev  0x000009b2      0x114 ./Sources/dev/print.o
 .debug_abbrev  0x00000ac6       0xe6 ./Sources/Events.o
 .debug_abbrev  0x00000bac       0x47 ./Sources/main.o
 .debug_abbrev  0x00000bf3      0x102 ./Sources/mqx_tasks.o
 .debug_abbrev  0x00000cf5      0x11e ./Project_Settings/Startup_Code/startup.o
 .debug_abbrev  0x00000e13       0x14 ./MQXLITE/psp/cortex_m/core/M0/boot.o
 .debug_abbrev  0x00000e27       0x14 ./MQXLITE/psp/cortex_m/core/M0/dispatch.o
 .debug_abbrev  0x00000e3b      0x12e ./MQXLITE/psp/cortex_m/int_inst.o
 .debug_abbrev  0x00000f69      0x120 ./MQXLITE/psp/cortex_m/int_vtab.o
 .debug_abbrev  0x00001089       0x80 ./MQXLITE/psp/cortex_m/mem_zero.o
 .debug_abbrev  0x00001109       0x72 ./MQXLITE/psp/cortex_m/psp_iinit.o
 .debug_abbrev  0x0000117b      0x155 ./MQXLITE/psp/cortex_m/psp_tinm.o
 .debug_abbrev  0x000012d0      0x192 ./MQXLITE/psp/cortex_m/sc_irdyq.o
 .debug_abbrev  0x00001462      0x117 ./MQXLITE/psp/cortex_m/stack_bu.o
 .debug_abbrev  0x00001579       0xdc ./MQXLITE/psp/cortex_m/stack_de.o
 .debug_abbrev  0x00001655      0x144 ./MQXLITE/kernel/idletask.o
 .debug_abbrev  0x00001799      0x1ff ./MQXLITE/kernel/int.o
 .debug_abbrev  0x00001998      0x1c7 ./MQXLITE/kernel/lwsem.o
 .debug_abbrev  0x00001b5f      0x1e1 ./MQXLITE/kernel/mqx_utils.o
 .debug_abbrev  0x00001d40      0x1e3 ./MQXLITE/kernel/mqxlite.o
 .debug_abbrev  0x00001f23      0x276 ./MQXLITE/kernel/task.o
 .debug_abbrev  0x00002199      0x200 ./MQXLITE/kernel/time_ticks.o
 .debug_abbrev  0x00002399       0xba ./MQXLITE/config/task_template_list.o
 .debug_abbrev  0x00002453      0x1d3 ./Generated_Code/ASerialLdd1.o
 .debug_abbrev  0x00002626      0x1d3 ./Generated_Code/ASerialLdd2.o
 .debug_abbrev  0x000027f9      0x23c ./Generated_Code/BLUE.o
 .debug_abbrev  0x00002a35      0x147 ./Generated_Code/BitIoLdd1.o
 .debug_abbrev  0x00002b7c       0xf5 ./Generated_Code/BitIoLdd2.o
 .debug_abbrev  0x00002c71      0x11e ./Generated_Code/BitIoLdd3.o
 .debug_abbrev  0x00002d8f      0x11e ./Generated_Code/BitIoLdd4.o
 .debug_abbrev  0x00002ead      0x11e ./Generated_Code/BitIoLdd5.o
 .debug_abbrev  0x00002fcb      0x1e6 ./Generated_Code/CRC1.o
 .debug_abbrev  0x000031b1       0x59 ./Generated_Code/Cpu.o
 .debug_abbrev  0x0000320a      0x215 ./Generated_Code/IntFlashLdd1.o
 .debug_abbrev  0x0000341f      0x1bd ./Generated_Code/MQX1.o
 .debug_abbrev  0x000035dc      0x123 ./Generated_Code/PE_LDD.o
 .debug_abbrev  0x000036ff      0x1d1 ./Generated_Code/SM1.o
 .debug_abbrev  0x000038d0      0x232 ./Generated_Code/SystemTimer1.o
 .debug_abbrev  0x00003b02      0x1d7 ./Generated_Code/UART_DEBUG.o
 .debug_abbrev  0x00003cd9      0x19b ./Generated_Code/flash.o

.debug_aranges  0x00000000      0xea0
 .debug_aranges
                0x00000000       0x50 ./Static_Code/System/CPU_Init.o
 .debug_aranges
                0x00000050      0x190 ./Static_Code/System/Vectors.o
 .debug_aranges
                0x000001e0       0x80 ./Sources/tasks/cmd.o
 .debug_aranges
                0x00000260       0x30 ./Sources/tasks/decoder.o
 .debug_aranges
                0x00000290       0x28 ./Sources/tasks/led_run.o
 .debug_aranges
                0x000002b8       0x48 ./Sources/tasks/spi_output.o
 .debug_aranges
                0x00000300       0x28 ./Sources/tasks/uart.o
 .debug_aranges
                0x00000328       0x30 ./Sources/dev/print.o
 .debug_aranges
                0x00000358       0x50 ./Sources/Events.o
 .debug_aranges
                0x000003a8       0x20 ./Sources/main.o
 .debug_aranges
                0x000003c8       0x30 ./Sources/mqx_tasks.o
 .debug_aranges
                0x000003f8       0x50 ./Project_Settings/Startup_Code/startup.o
 .debug_aranges
                0x00000448       0x20 ./MQXLITE/psp/cortex_m/core/M0/boot.o
 .debug_aranges
                0x00000468       0x20 ./MQXLITE/psp/cortex_m/core/M0/dispatch.o
 .debug_aranges
                0x00000488       0x20 ./MQXLITE/psp/cortex_m/int_inst.o
 .debug_aranges
                0x000004a8       0x28 ./MQXLITE/psp/cortex_m/int_vtab.o
 .debug_aranges
                0x000004d0       0x20 ./MQXLITE/psp/cortex_m/mem_zero.o
 .debug_aranges
                0x000004f0       0x20 ./MQXLITE/psp/cortex_m/psp_iinit.o
 .debug_aranges
                0x00000510       0x20 ./MQXLITE/psp/cortex_m/psp_tinm.o
 .debug_aranges
                0x00000530       0x28 ./MQXLITE/psp/cortex_m/sc_irdyq.o
 .debug_aranges
                0x00000558       0x20 ./MQXLITE/psp/cortex_m/stack_bu.o
 .debug_aranges
                0x00000578       0x20 ./MQXLITE/psp/cortex_m/stack_de.o
 .debug_aranges
                0x00000598       0x20 ./MQXLITE/kernel/idletask.o
 .debug_aranges
                0x000005b8       0x90 ./MQXLITE/kernel/int.o
 .debug_aranges
                0x00000648       0x80 ./MQXLITE/kernel/lwsem.o
 .debug_aranges
                0x000006c8       0x60 ./MQXLITE/kernel/mqx_utils.o
 .debug_aranges
                0x00000728       0x30 ./MQXLITE/kernel/mqxlite.o
 .debug_aranges
                0x00000758      0x160 ./MQXLITE/kernel/task.o
 .debug_aranges
                0x000008b8       0xb8 ./MQXLITE/kernel/time_ticks.o
 .debug_aranges
                0x00000970       0x18 ./MQXLITE/config/task_template_list.o
 .debug_aranges
                0x00000988       0x50 ./Generated_Code/ASerialLdd1.o
 .debug_aranges
                0x000009d8       0x50 ./Generated_Code/ASerialLdd2.o
 .debug_aranges
                0x00000a28       0x88 ./Generated_Code/BLUE.o
 .debug_aranges
                0x00000ab0       0x48 ./Generated_Code/BitIoLdd1.o
 .debug_aranges
                0x00000af8       0x28 ./Generated_Code/BitIoLdd2.o
 .debug_aranges
                0x00000b20       0x40 ./Generated_Code/BitIoLdd3.o
 .debug_aranges
                0x00000b60       0x40 ./Generated_Code/BitIoLdd4.o
 .debug_aranges
                0x00000ba0       0x38 ./Generated_Code/BitIoLdd5.o
 .debug_aranges
                0x00000bd8       0x48 ./Generated_Code/CRC1.o
 .debug_aranges
                0x00000c20       0x20 ./Generated_Code/Cpu.o
 .debug_aranges
                0x00000c40       0x68 ./Generated_Code/IntFlashLdd1.o
 .debug_aranges
                0x00000ca8       0x40 ./Generated_Code/MQX1.o
 .debug_aranges
                0x00000ce8       0x30 ./Generated_Code/PE_LDD.o
 .debug_aranges
                0x00000d18       0x38 ./Generated_Code/SM1.o
 .debug_aranges
                0x00000d50       0x60 ./Generated_Code/SystemTimer1.o
 .debug_aranges
                0x00000db0       0x78 ./Generated_Code/UART_DEBUG.o
 .debug_aranges
                0x00000e28       0x78 ./Generated_Code/flash.o

.debug_ranges   0x00000000      0xb88
 .debug_ranges  0x00000000       0x40 ./Static_Code/System/CPU_Init.o
 .debug_ranges  0x00000040      0x180 ./Static_Code/System/Vectors.o
 .debug_ranges  0x000001c0       0x70 ./Sources/tasks/cmd.o
 .debug_ranges  0x00000230       0x20 ./Sources/tasks/decoder.o
 .debug_ranges  0x00000250       0x18 ./Sources/tasks/led_run.o
 .debug_ranges  0x00000268       0x38 ./Sources/tasks/spi_output.o
 .debug_ranges  0x000002a0       0x18 ./Sources/tasks/uart.o
 .debug_ranges  0x000002b8       0x20 ./Sources/dev/print.o
 .debug_ranges  0x000002d8       0x40 ./Sources/Events.o
 .debug_ranges  0x00000318       0x10 ./Sources/main.o
 .debug_ranges  0x00000328       0x20 ./Sources/mqx_tasks.o
 .debug_ranges  0x00000348       0x40 ./Project_Settings/Startup_Code/startup.o
 .debug_ranges  0x00000388       0x10 ./MQXLITE/psp/cortex_m/int_inst.o
 .debug_ranges  0x00000398       0x18 ./MQXLITE/psp/cortex_m/int_vtab.o
 .debug_ranges  0x000003b0       0x10 ./MQXLITE/psp/cortex_m/mem_zero.o
 .debug_ranges  0x000003c0       0x10 ./MQXLITE/psp/cortex_m/psp_iinit.o
 .debug_ranges  0x000003d0       0x10 ./MQXLITE/psp/cortex_m/psp_tinm.o
 .debug_ranges  0x000003e0       0x18 ./MQXLITE/psp/cortex_m/sc_irdyq.o
 .debug_ranges  0x000003f8       0x10 ./MQXLITE/psp/cortex_m/stack_bu.o
 .debug_ranges  0x00000408       0x10 ./MQXLITE/psp/cortex_m/stack_de.o
 .debug_ranges  0x00000418       0x10 ./MQXLITE/kernel/idletask.o
 .debug_ranges  0x00000428       0x80 ./MQXLITE/kernel/int.o
 .debug_ranges  0x000004a8       0x70 ./MQXLITE/kernel/lwsem.o
 .debug_ranges  0x00000518       0x50 ./MQXLITE/kernel/mqx_utils.o
 .debug_ranges  0x00000568       0x20 ./MQXLITE/kernel/mqxlite.o
 .debug_ranges  0x00000588      0x150 ./MQXLITE/kernel/task.o
 .debug_ranges  0x000006d8       0xa8 ./MQXLITE/kernel/time_ticks.o
 .debug_ranges  0x00000780       0x40 ./Generated_Code/ASerialLdd1.o
 .debug_ranges  0x000007c0       0x40 ./Generated_Code/ASerialLdd2.o
 .debug_ranges  0x00000800       0x78 ./Generated_Code/BLUE.o
 .debug_ranges  0x00000878       0x38 ./Generated_Code/BitIoLdd1.o
 .debug_ranges  0x000008b0       0x18 ./Generated_Code/BitIoLdd2.o
 .debug_ranges  0x000008c8       0x30 ./Generated_Code/BitIoLdd3.o
 .debug_ranges  0x000008f8       0x30 ./Generated_Code/BitIoLdd4.o
 .debug_ranges  0x00000928       0x28 ./Generated_Code/BitIoLdd5.o
 .debug_ranges  0x00000950       0x38 ./Generated_Code/CRC1.o
 .debug_ranges  0x00000988       0x10 ./Generated_Code/Cpu.o
 .debug_ranges  0x00000998       0x58 ./Generated_Code/IntFlashLdd1.o
 .debug_ranges  0x000009f0       0x30 ./Generated_Code/MQX1.o
 .debug_ranges  0x00000a20       0x20 ./Generated_Code/PE_LDD.o
 .debug_ranges  0x00000a40       0x28 ./Generated_Code/SM1.o
 .debug_ranges  0x00000a68       0x50 ./Generated_Code/SystemTimer1.o
 .debug_ranges  0x00000ab8       0x68 ./Generated_Code/UART_DEBUG.o
 .debug_ranges  0x00000b20       0x68 ./Generated_Code/flash.o

.debug_macro    0x00000000    0x22c4c
 .debug_macro   0x00000000      0x316 ./Static_Code/System/CPU_Init.o
 .debug_macro   0x00000316      0x802 ./Static_Code/System/CPU_Init.o
 .debug_macro   0x00000b18       0x16 ./Static_Code/System/CPU_Init.o
 .debug_macro   0x00000b2e       0x44 ./Static_Code/System/CPU_Init.o
 .debug_macro   0x00000b72      0x209 ./Static_Code/System/CPU_Init.o
 .debug_macro   0x00000d7b     0x15d1 ./Static_Code/System/CPU_Init.o
 .debug_macro   0x0000234c     0x539e ./Static_Code/System/CPU_Init.o
 .debug_macro   0x000076ea      0x2dd ./Static_Code/System/CPU_Init.o
 .debug_macro   0x000079c7      0x14e ./Static_Code/System/CPU_Init.o
 .debug_macro   0x00007b15       0x5e ./Static_Code/System/CPU_Init.o
 .debug_macro   0x00007b73       0x94 ./Static_Code/System/CPU_Init.o
 .debug_macro   0x00007c07       0x80 ./Static_Code/System/CPU_Init.o
 .debug_macro   0x00007c87       0x58 ./Static_Code/System/CPU_Init.o
 .debug_macro   0x00007cdf       0x35 ./Static_Code/System/CPU_Init.o
 .debug_macro   0x00007d14       0xa3 ./Static_Code/System/CPU_Init.o
 .debug_macro   0x00007db7       0x16 ./Static_Code/System/CPU_Init.o
 .debug_macro   0x00007dcd       0x1c ./Static_Code/System/CPU_Init.o
 .debug_macro   0x00007de9       0x81 ./Static_Code/System/CPU_Init.o
 .debug_macro   0x00007e6a       0x2e ./Static_Code/System/CPU_Init.o
 .debug_macro   0x00007e98       0x16 ./Static_Code/System/CPU_Init.o
 .debug_macro   0x00007eae       0x70 ./Static_Code/System/CPU_Init.o
 .debug_macro   0x00007f1e      0x215 ./Static_Code/System/CPU_Init.o
 .debug_macro   0x00008133       0xa2 ./Static_Code/System/CPU_Init.o
 .debug_macro   0x000081d5       0x16 ./Static_Code/System/CPU_Init.o
 .debug_macro   0x000081eb       0x1c ./Static_Code/System/CPU_Init.o
 .debug_macro   0x00008207      0x70f ./Static_Code/System/CPU_Init.o
 .debug_macro   0x00008916       0xa6 ./Static_Code/System/CPU_Init.o
 .debug_macro   0x000089bc      0x16d ./Static_Code/System/CPU_Init.o
 .debug_macro   0x00008b29       0x7c ./Static_Code/System/CPU_Init.o
 .debug_macro   0x00008ba5       0xfc ./Static_Code/System/CPU_Init.o
 .debug_macro   0x00008ca1       0x89 ./Static_Code/System/CPU_Init.o
 .debug_macro   0x00008d2a      0x3c9 ./Static_Code/System/CPU_Init.o
 .debug_macro   0x000090f3       0x67 ./Static_Code/System/CPU_Init.o
 .debug_macro   0x0000915a      0x132 ./Static_Code/System/CPU_Init.o
 .debug_macro   0x0000928c       0x46 ./Static_Code/System/CPU_Init.o
 .debug_macro   0x000092d2       0x26 ./Static_Code/System/CPU_Init.o
 .debug_macro   0x000092f8       0x65 ./Static_Code/System/CPU_Init.o
 .debug_macro   0x0000935d       0x20 ./Static_Code/System/CPU_Init.o
 .debug_macro   0x0000937d       0x65 ./Static_Code/System/CPU_Init.o
 .debug_macro   0x000093e2       0x20 ./Static_Code/System/CPU_Init.o
 .debug_macro   0x00009402      0x109 ./Static_Code/System/CPU_Init.o
 .debug_macro   0x0000950b       0x34 ./Static_Code/System/CPU_Init.o
 .debug_macro   0x0000953f      0x648 ./Static_Code/System/CPU_Init.o
 .debug_macro   0x00009b87       0x43 ./Static_Code/System/CPU_Init.o
 .debug_macro   0x00009bca       0x34 ./Static_Code/System/CPU_Init.o
 .debug_macro   0x00009bfe       0x46 ./Static_Code/System/CPU_Init.o
 .debug_macro   0x00009c44       0x1f ./Static_Code/System/CPU_Init.o
 .debug_macro   0x00009c63       0x46 ./Static_Code/System/CPU_Init.o
 .debug_macro   0x00009ca9       0x1f ./Static_Code/System/CPU_Init.o
 .debug_macro   0x00009cc8       0x9b ./Static_Code/System/CPU_Init.o
 .debug_macro   0x00009d63       0x2d ./Static_Code/System/CPU_Init.o
 .debug_macro   0x00009d90       0x40 ./Static_Code/System/CPU_Init.o
 .debug_macro   0x00009dd0       0x17 ./Static_Code/System/CPU_Init.o
 .debug_macro   0x00009de7      0x34f ./Static_Code/System/Vectors.o
 .debug_macro   0x0000a136       0x76 ./Static_Code/System/Vectors.o
 .debug_macro   0x0000a1ac      0x12c ./Static_Code/System/Vectors.o
 .debug_macro   0x0000a2d8      0x3f2 ./Sources/tasks/cmd.o
 .debug_macro   0x0000a6ca       0x94 ./Sources/tasks/cmd.o
 .debug_macro   0x0000a75e       0x58 ./Sources/tasks/cmd.o
 .debug_macro   0x0000a7b6      0x166 ./Sources/tasks/cmd.o
 .debug_macro   0x0000a91c       0x52 ./Sources/tasks/cmd.o
 .debug_macro   0x0000a96e       0x16 ./Sources/tasks/cmd.o
 .debug_macro   0x0000a984       0x43 ./Sources/tasks/cmd.o
 .debug_macro   0x0000a9c7      0x180 ./Sources/tasks/cmd.o
 .debug_macro   0x0000ab47      0x2a6 ./Sources/tasks/cmd.o
 .debug_macro   0x0000aded       0x10 ./Sources/tasks/cmd.o
 .debug_macro   0x0000adfd       0x35 ./Sources/tasks/cmd.o
 .debug_macro   0x0000ae32       0x10 ./Sources/tasks/cmd.o
 .debug_macro   0x0000ae42       0x34 ./Sources/tasks/cmd.o
 .debug_macro   0x0000ae76       0x1c ./Sources/tasks/cmd.o
 .debug_macro   0x0000ae92       0x10 ./Sources/tasks/cmd.o
 .debug_macro   0x0000aea2       0x22 ./Sources/tasks/cmd.o
 .debug_macro   0x0000aec4       0xbd ./Sources/tasks/cmd.o
 .debug_macro   0x0000af81       0x16 ./Sources/tasks/cmd.o
 .debug_macro   0x0000af97      0x14a ./Sources/tasks/cmd.o
 .debug_macro   0x0000b0e1       0x16 ./Sources/tasks/cmd.o
 .debug_macro   0x0000b0f7      0x3a5 ./Sources/tasks/decoder.o
 .debug_macro   0x0000b49c       0x5f ./Sources/tasks/decoder.o
 .debug_macro   0x0000b4fb       0x2e ./Sources/tasks/decoder.o
 .debug_macro   0x0000b529      0x1f3 ./Sources/tasks/led_run.o
 .debug_macro   0x0000b71c       0x95 ./Sources/tasks/led_run.o
 .debug_macro   0x0000b7b1      0x12c ./Sources/tasks/led_run.o
 .debug_macro   0x0000b8dd       0x3a ./Sources/tasks/led_run.o
 .debug_macro   0x0000b917      0x261 ./Sources/tasks/spi_output.o
 .debug_macro   0x0000bb78      0x642 ./Sources/tasks/spi_output.o
 .debug_macro   0x0000c1ba      0x3fc ./Sources/tasks/uart.o
 .debug_macro   0x0000c5b6       0x5f ./Sources/tasks/uart.o
 .debug_macro   0x0000c615      0x183 ./Sources/dev/print.o
 .debug_macro   0x0000c798      0x3c6 ./Sources/Events.o
 .debug_macro   0x0000cb5e      0x5cf ./Sources/Events.o
 .debug_macro   0x0000d12d      0x2d3 ./Sources/Events.o
 .debug_macro   0x0000d400      0x6a6 ./Sources/Events.o
 .debug_macro   0x0000daa6      0x223 ./Sources/Events.o
 .debug_macro   0x0000dcc9      0x299 ./Sources/Events.o
 .debug_macro   0x0000df62       0x65 ./Sources/Events.o
 .debug_macro   0x0000dfc7      0x20f ./Sources/Events.o
 .debug_macro   0x0000e1d6      0x13f ./Sources/Events.o
 .debug_macro   0x0000e315      0x63a ./Sources/Events.o
 .debug_macro   0x0000e94f     0x266f ./Sources/Events.o
 .debug_macro   0x00010fbe       0xbb ./Sources/Events.o
 .debug_macro   0x00011079       0xe9 ./Sources/Events.o
 .debug_macro   0x00011162      0x4ea ./Sources/Events.o
 .debug_macro   0x0001164c      0x13a ./Sources/Events.o
 .debug_macro   0x00011786       0xb8 ./Sources/Events.o
 .debug_macro   0x0001183e      0x179 ./Sources/Events.o
 .debug_macro   0x000119b7      0x987 ./Sources/Events.o
 .debug_macro   0x0001233e      0x7b8 ./Sources/Events.o
 .debug_macro   0x00012af6      0x162 ./Sources/Events.o
 .debug_macro   0x00012c58      0x3c6 ./Sources/main.o
 .debug_macro   0x0001301e      0x4dd ./Sources/mqx_tasks.o
 .debug_macro   0x000134fb      0x121 ./Project_Settings/Startup_Code/startup.o
 .debug_macro   0x0001361c       0x4a ./Project_Settings/Startup_Code/startup.o
 .debug_macro   0x00013666       0x16 ./Project_Settings/Startup_Code/startup.o
 .debug_macro   0x0001367c       0x22 ./Project_Settings/Startup_Code/startup.o
 .debug_macro   0x0001369e       0x10 ./Project_Settings/Startup_Code/startup.o
 .debug_macro   0x000136ae      0x20f ./Project_Settings/Startup_Code/startup.o
 .debug_macro   0x000138bd     0x5392 ./Project_Settings/Startup_Code/startup.o
 .debug_macro   0x00018c4f      0x320 ./MQXLITE/psp/cortex_m/int_inst.o
 .debug_macro   0x00018f6f      0x320 ./MQXLITE/psp/cortex_m/int_vtab.o
 .debug_macro   0x0001928f      0x320 ./MQXLITE/psp/cortex_m/mem_zero.o
 .debug_macro   0x000195af      0x320 ./MQXLITE/psp/cortex_m/psp_iinit.o
 .debug_macro   0x000198cf      0x320 ./MQXLITE/psp/cortex_m/psp_tinm.o
 .debug_macro   0x00019bef      0x320 ./MQXLITE/psp/cortex_m/sc_irdyq.o
 .debug_macro   0x00019f0f      0x320 ./MQXLITE/psp/cortex_m/stack_bu.o
 .debug_macro   0x0001a22f      0x320 ./MQXLITE/psp/cortex_m/stack_de.o
 .debug_macro   0x0001a54f      0x320 ./MQXLITE/kernel/idletask.o
 .debug_macro   0x0001a86f      0x320 ./MQXLITE/kernel/int.o
 .debug_macro   0x0001ab8f      0x320 ./MQXLITE/kernel/lwsem.o
 .debug_macro   0x0001aeaf      0x32e ./MQXLITE/kernel/mqx_utils.o
 .debug_macro   0x0001b1dd      0x32e ./MQXLITE/kernel/mqxlite.o
 .debug_macro   0x0001b50b      0x38b ./MQXLITE/kernel/task.o
 .debug_macro   0x0001b896     0x15cb ./MQXLITE/kernel/task.o
 .debug_macro   0x0001ce61      0x32c ./MQXLITE/kernel/time_ticks.o
 .debug_macro   0x0001d18d      0x2fd ./MQXLITE/config/task_template_list.o
 .debug_macro   0x0001d48a      0x1c1 ./Generated_Code/ASerialLdd1.o
 .debug_macro   0x0001d64b       0x9c ./Generated_Code/ASerialLdd1.o
 .debug_macro   0x0001d6e7      0x6fd ./Generated_Code/ASerialLdd1.o
 .debug_macro   0x0001dde4     0x15c5 ./Generated_Code/ASerialLdd1.o
 .debug_macro   0x0001f3a9       0x26 ./Generated_Code/ASerialLdd1.o
 .debug_macro   0x0001f3cf      0x7b2 ./Generated_Code/ASerialLdd1.o
 .debug_macro   0x0001fb81      0x1c1 ./Generated_Code/ASerialLdd2.o
 .debug_macro   0x0001fd42       0x26 ./Generated_Code/ASerialLdd2.o
 .debug_macro   0x0001fd68      0x377 ./Generated_Code/BLUE.o
 .debug_macro   0x000200df      0x1a7 ./Generated_Code/BitIoLdd1.o
 .debug_macro   0x00020286      0x1a7 ./Generated_Code/BitIoLdd2.o
 .debug_macro   0x0002042d       0x2e ./Generated_Code/BitIoLdd2.o
 .debug_macro   0x0002045b      0x1a7 ./Generated_Code/BitIoLdd3.o
 .debug_macro   0x00020602       0x40 ./Generated_Code/BitIoLdd3.o
 .debug_macro   0x00020642      0x1a7 ./Generated_Code/BitIoLdd4.o
 .debug_macro   0x000207e9       0x40 ./Generated_Code/BitIoLdd4.o
 .debug_macro   0x00020829      0x1a7 ./Generated_Code/BitIoLdd5.o
 .debug_macro   0x000209d0      0x1a7 ./Generated_Code/CRC1.o
 .debug_macro   0x00020b77      0x103 ./Generated_Code/CRC1.o
 .debug_macro   0x00020c7a      0x327 ./Generated_Code/Cpu.o
 .debug_macro   0x00020fa1      0x1c5 ./Generated_Code/IntFlashLdd1.o
 .debug_macro   0x00021166      0x981 ./Generated_Code/IntFlashLdd1.o
 .debug_macro   0x00021ae7      0x31d ./Generated_Code/MQX1.o
 .debug_macro   0x00021e04      0x2c9 ./Generated_Code/PE_LDD.o
 .debug_macro   0x000220cd      0x304 ./Generated_Code/SM1.o
 .debug_macro   0x000223d1      0x1c6 ./Generated_Code/SystemTimer1.o
 .debug_macro   0x00022597      0x37c ./Generated_Code/UART_DEBUG.o
 .debug_macro   0x00022913      0x339 ./Generated_Code/flash.o

.debug_line     0x00000000    0x13936
 .debug_line    0x00000000      0x752 ./Static_Code/System/CPU_Init.o
 .debug_line    0x00000752      0x997 ./Static_Code/System/Vectors.o
 .debug_line    0x000010e9      0x94c ./Sources/tasks/cmd.o
 .debug_line    0x00001a35      0x7b4 ./Sources/tasks/decoder.o
 .debug_line    0x000021e9      0x55f ./Sources/tasks/led_run.o
 .debug_line    0x00002748      0x6f8 ./Sources/tasks/spi_output.o
 .debug_line    0x00002e40      0x7ee ./Sources/tasks/uart.o
 .debug_line    0x0000362e      0x495 ./Sources/dev/print.o
 .debug_line    0x00003ac3      0x788 ./Sources/Events.o
 .debug_line    0x0000424b      0x725 ./Sources/main.o
 .debug_line    0x00004970      0x95e ./Sources/mqx_tasks.o
 .debug_line    0x000052ce      0x3c4 ./Project_Settings/Startup_Code/startup.o
 .debug_line    0x00005692       0x68 ./MQXLITE/psp/cortex_m/core/M0/boot.o
 .debug_line    0x000056fa      0x18b ./MQXLITE/psp/cortex_m/core/M0/dispatch.o
 .debug_line    0x00005885      0x696 ./MQXLITE/psp/cortex_m/int_inst.o
 .debug_line    0x00005f1b      0x6a9 ./MQXLITE/psp/cortex_m/int_vtab.o
 .debug_line    0x000065c4      0x71b ./MQXLITE/psp/cortex_m/mem_zero.o
 .debug_line    0x00006cdf      0x697 ./MQXLITE/psp/cortex_m/psp_iinit.o
 .debug_line    0x00007376      0x698 ./MQXLITE/psp/cortex_m/psp_tinm.o
 .debug_line    0x00007a0e      0x6f0 ./MQXLITE/psp/cortex_m/sc_irdyq.o
 .debug_line    0x000080fe      0x6a1 ./MQXLITE/psp/cortex_m/stack_bu.o
 .debug_line    0x0000879f      0x692 ./MQXLITE/psp/cortex_m/stack_de.o
 .debug_line    0x00008e31      0x693 ./MQXLITE/kernel/idletask.o
 .debug_line    0x000094c4      0x854 ./MQXLITE/kernel/int.o
 .debug_line    0x00009d18      0x917 ./MQXLITE/kernel/lwsem.o
 .debug_line    0x0000a62f      0x771 ./MQXLITE/kernel/mqx_utils.o
 .debug_line    0x0000ada0      0x71b ./MQXLITE/kernel/mqxlite.o
 .debug_line    0x0000b4bb      0xd0e ./MQXLITE/kernel/task.o
 .debug_line    0x0000c1c9      0x9cb ./MQXLITE/kernel/time_ticks.o
 .debug_line    0x0000cb94      0x637 ./MQXLITE/config/task_template_list.o
 .debug_line    0x0000d1cb      0x59d ./Generated_Code/ASerialLdd1.o
 .debug_line    0x0000d768      0x598 ./Generated_Code/ASerialLdd2.o
 .debug_line    0x0000dd00      0x8df ./Generated_Code/BLUE.o
 .debug_line    0x0000e5df      0x50e ./Generated_Code/BitIoLdd1.o
 .debug_line    0x0000eaed      0x4c4 ./Generated_Code/BitIoLdd2.o
 .debug_line    0x0000efb1      0x4fc ./Generated_Code/BitIoLdd3.o
 .debug_line    0x0000f4ad      0x4fc ./Generated_Code/BitIoLdd4.o
 .debug_line    0x0000f9a9      0x4e9 ./Generated_Code/BitIoLdd5.o
 .debug_line    0x0000fe92      0x554 ./Generated_Code/CRC1.o
 .debug_line    0x000103e6      0x697 ./Generated_Code/Cpu.o
 .debug_line    0x00010a7d      0x605 ./Generated_Code/IntFlashLdd1.o
 .debug_line    0x00011082      0x6d0 ./Generated_Code/MQX1.o
 .debug_line    0x00011752      0x639 ./Generated_Code/PE_LDD.o
 .debug_line    0x00011d8b      0x696 ./Generated_Code/SM1.o
 .debug_line    0x00012421      0x580 ./Generated_Code/SystemTimer1.o
 .debug_line    0x000129a1      0x83d ./Generated_Code/UART_DEBUG.o
 .debug_line    0x000131de      0x758 ./Generated_Code/flash.o

.debug_str      0x00000000    0x985f4
 .debug_str     0x00000000    0x38889 ./Static_Code/System/CPU_Init.o
                              0x38ed8 (size before relaxing)
 .debug_str     0x00038889      0xb99 ./Static_Code/System/Vectors.o
                              0x394ad (size before relaxing)
 .debug_str     0x00039422     0x324d ./Sources/tasks/cmd.o
                              0x3bc3c (size before relaxing)
 .debug_str     0x0003c66f       0xad ./Sources/tasks/decoder.o
                              0x3ac74 (size before relaxing)
 .debug_str     0x0003c71c       0x73 ./Sources/tasks/led_run.o
                              0x2a33a (size before relaxing)
 .debug_str     0x0003c78f       0xb8 ./Sources/tasks/spi_output.o
                              0x34404 (size before relaxing)
 .debug_str     0x0003c847       0x54 ./Sources/tasks/uart.o
                              0x3ba96 (size before relaxing)
 .debug_str     0x0003c89b       0xc3 ./Sources/dev/print.o
                              0x28bf0 (size before relaxing)
 .debug_str     0x0003c95e    0x57a2a ./Sources/Events.o
                              0x900be (size before relaxing)
 .debug_str     0x00094388       0x12 ./Sources/main.o
                              0x90011 (size before relaxing)
 .debug_str     0x0009439a       0x48 ./Sources/mqx_tasks.o
                              0x93183 (size before relaxing)
 .debug_str     0x000943e2      0x181 ./Project_Settings/Startup_Code/startup.o
                              0x20e40 (size before relaxing)
 .debug_str     0x00094563     0x103c ./MQXLITE/psp/cortex_m/int_inst.o
                              0x39962 (size before relaxing)
 .debug_str     0x0009559f      0x164 ./MQXLITE/psp/cortex_m/int_vtab.o
                              0x391e5 (size before relaxing)
 .debug_str     0x00095703       0x8f ./MQXLITE/psp/cortex_m/mem_zero.o
                              0x390f2 (size before relaxing)
 .debug_str     0x00095792       0x6b ./MQXLITE/psp/cortex_m/psp_iinit.o
                              0x390cc (size before relaxing)
 .debug_str     0x000957fd       0x64 ./MQXLITE/psp/cortex_m/psp_tinm.o
                              0x399aa (size before relaxing)
 .debug_str     0x00095861      0x10f ./MQXLITE/psp/cortex_m/sc_irdyq.o
                              0x39a95 (size before relaxing)
 .debug_str     0x00095970      0x15c ./MQXLITE/psp/cortex_m/stack_bu.o
                              0x394c9 (size before relaxing)
 .debug_str     0x00095acc       0x3c ./MQXLITE/psp/cortex_m/stack_de.o
                              0x39376 (size before relaxing)
 .debug_str     0x00095b08       0x2c ./MQXLITE/kernel/idletask.o
                              0x39964 (size before relaxing)
 .debug_str     0x00095b34      0x1d5 ./MQXLITE/kernel/int.o
                              0x39b9e (size before relaxing)
 .debug_str     0x00095d09      0x178 ./MQXLITE/kernel/lwsem.o
                              0x39b46 (size before relaxing)
 .debug_str     0x00095e81      0x11f ./MQXLITE/kernel/mqx_utils.o
                              0x39add (size before relaxing)
 .debug_str     0x00095fa0      0x16e ./MQXLITE/kernel/mqxlite.o
                              0x39da8 (size before relaxing)
 .debug_str     0x0009610e      0x5a8 ./MQXLITE/kernel/task.o
                              0x3c3c0 (size before relaxing)
 .debug_str     0x000966b6      0x25c ./MQXLITE/kernel/time_ticks.o
                              0x39c8a (size before relaxing)
 .debug_str     0x00096912       0x66 ./MQXLITE/config/task_template_list.o
                              0x389db (size before relaxing)
 .debug_str     0x00096978      0x2be ./Generated_Code/ASerialLdd1.o
                              0x3ceda (size before relaxing)
 .debug_str     0x00096c36       0xbe ./Generated_Code/ASerialLdd2.o
                              0x3cebc (size before relaxing)
 .debug_str     0x00096cf4      0x2f1 ./Generated_Code/BLUE.o
                              0x38c65 (size before relaxing)
 .debug_str     0x00096fe5       0xf8 ./Generated_Code/BitIoLdd1.o
                              0x2f5eb (size before relaxing)
 .debug_str     0x000970dd       0x6d ./Generated_Code/BitIoLdd2.o
                              0x2f527 (size before relaxing)
 .debug_str     0x0009714a       0xa0 ./Generated_Code/BitIoLdd3.o
                              0x2f5b9 (size before relaxing)
 .debug_str     0x000971ea       0xa0 ./Generated_Code/BitIoLdd4.o
                              0x2f5b9 (size before relaxing)
 .debug_str     0x0009728a       0x8f ./Generated_Code/BitIoLdd5.o
                              0x2f57a (size before relaxing)
 .debug_str     0x00097319      0x229 ./Generated_Code/CRC1.o
                              0x304a8 (size before relaxing)
 .debug_str     0x00097542       0x28 ./Generated_Code/Cpu.o
                              0x3866e (size before relaxing)
 .debug_str     0x0009756a      0x568 ./Generated_Code/IntFlashLdd1.o
                              0x385c1 (size before relaxing)
 .debug_str     0x00097ad2      0x227 ./Generated_Code/MQX1.o
                              0x394b8 (size before relaxing)
 .debug_str     0x00097cf9      0x153 ./Generated_Code/PE_LDD.o
                              0x38a57 (size before relaxing)
 .debug_str     0x00097e4c      0x174 ./Generated_Code/SM1.o
                              0x38c6e (size before relaxing)
 .debug_str     0x00097fc0      0x1d6 ./Generated_Code/SystemTimer1.o
                              0x300bf (size before relaxing)
 .debug_str     0x00098196      0x164 ./Generated_Code/UART_DEBUG.o
                              0x38c3e (size before relaxing)
 .debug_str     0x000982fa      0x2fa ./Generated_Code/flash.o
                              0x38ea2 (size before relaxing)

.comment        0x00000000       0x70
 .comment       0x00000000       0x70 ./Static_Code/System/CPU_Init.o
                                 0x71 (size before relaxing)
 .comment       0x00000000       0x71 ./Static_Code/System/Vectors.o
 .comment       0x00000000       0x71 ./Sources/tasks/cmd.o
 .comment       0x00000000       0x71 ./Sources/tasks/decoder.o
 .comment       0x00000000       0x71 ./Sources/tasks/led_run.o
 .comment       0x00000000       0x71 ./Sources/tasks/spi_output.o
 .comment       0x00000000       0x71 ./Sources/tasks/uart.o
 .comment       0x00000000       0x71 ./Sources/dev/print.o
 .comment       0x00000000       0x71 ./Sources/Events.o
 .comment       0x00000000       0x71 ./Sources/main.o
 .comment       0x00000000       0x71 ./Sources/mqx_tasks.o
 .comment       0x00000000       0x71 ./Project_Settings/Startup_Code/startup.o
 .comment       0x00000000       0x71 ./MQXLITE/psp/cortex_m/int_inst.o
 .comment       0x00000000       0x71 ./MQXLITE/psp/cortex_m/int_vtab.o
 .comment       0x00000000       0x71 ./MQXLITE/psp/cortex_m/mem_zero.o
 .comment       0x00000000       0x71 ./MQXLITE/psp/cortex_m/psp_iinit.o
 .comment       0x00000000       0x71 ./MQXLITE/psp/cortex_m/psp_tinm.o
 .comment       0x00000000       0x71 ./MQXLITE/psp/cortex_m/sc_irdyq.o
 .comment       0x00000000       0x71 ./MQXLITE/psp/cortex_m/stack_bu.o
 .comment       0x00000000       0x71 ./MQXLITE/psp/cortex_m/stack_de.o
 .comment       0x00000000       0x71 ./MQXLITE/kernel/idletask.o
 .comment       0x00000000       0x71 ./MQXLITE/kernel/int.o
 .comment       0x00000000       0x71 ./MQXLITE/kernel/lwsem.o
 .comment       0x00000000       0x71 ./MQXLITE/kernel/mqx_utils.o
 .comment       0x00000000       0x71 ./MQXLITE/kernel/mqxlite.o
 .comment       0x00000000       0x71 ./MQXLITE/kernel/task.o